Archive member included to satisfy reference by file (symbol)

c:/ti/ccs/ccs/tools/compiler/msp430-gcc-9.2.0.50_win64/bin/../lib/gcc/msp430-elf/9.2.0/large\libgcc.a(slli.o)
                              ./core.o (__mspabi_slll)
c:/ti/ccs/ccs/tools/compiler/msp430-gcc-9.2.0.50_win64/bin/../lib/gcc/msp430-elf/9.2.0/../../../../msp430-elf/lib/large\libc.a(lib_a-memcpy.o)
                              ./secureUpdate.o (memcpy)
c:/ti/ccs/ccs/tools/compiler/msp430-gcc-9.2.0.50_win64/bin/../lib/gcc/msp430-elf/9.2.0/../../../../msp430-elf/lib/large\libcrt.a(crt_bss.o)
                              ./core.o (__crt0_init_bss)
c:/ti/ccs/ccs/tools/compiler/msp430-gcc-9.2.0.50_win64/bin/../lib/gcc/msp430-elf/9.2.0/../../../../msp430-elf/lib/large\libcrt.a(crt_main.o)
                              c:/ti/ccs/ccs/tools/compiler/msp430-gcc-9.2.0.50_win64/bin/../lib/gcc/msp430-elf/9.2.0/../../../../msp430-elf/lib/large/crt0.o (__crt0_call_main)
c:/ti/ccs/ccs/tools/compiler/msp430-gcc-9.2.0.50_win64/bin/../lib/gcc/msp430-elf/9.2.0/../../../../msp430-elf/lib/large\libcrt.a(crt_callexit.o)
                              ./main.o (__crt0_call_exit)
c:/ti/ccs/ccs/tools/compiler/msp430-gcc-9.2.0.50_win64/bin/../lib/gcc/msp430-elf/9.2.0/../../../../msp430-elf/lib/large\libnosys.a(exit.o)
                              c:/ti/ccs/ccs/tools/compiler/msp430-gcc-9.2.0.50_win64/bin/../lib/gcc/msp430-elf/9.2.0/../../../../msp430-elf/lib/large\libcrt.a(crt_callexit.o) (_exit)
c:/ti/ccs/ccs/tools/compiler/msp430-gcc-9.2.0.50_win64/bin/../lib/gcc/msp430-elf/9.2.0/../../../../msp430-elf/lib/large\libc.a(lib_a-memset.o)
                              c:/ti/ccs/ccs/tools/compiler/msp430-gcc-9.2.0.50_win64/bin/../lib/gcc/msp430-elf/9.2.0/../../../../msp430-elf/lib/large\libcrt.a(crt_bss.o) (memset)

Discarded input sections

 .text          0x0000000000000000        0x0 c:/ti/ccs/ccs/tools/compiler/msp430-gcc-9.2.0.50_win64/bin/../lib/gcc/msp430-elf/9.2.0/../../../../msp430-elf/lib/large/crt0.o
 .data          0x0000000000000000        0x0 c:/ti/ccs/ccs/tools/compiler/msp430-gcc-9.2.0.50_win64/bin/../lib/gcc/msp430-elf/9.2.0/../../../../msp430-elf/lib/large/crt0.o
 .bss           0x0000000000000000        0x0 c:/ti/ccs/ccs/tools/compiler/msp430-gcc-9.2.0.50_win64/bin/../lib/gcc/msp430-elf/9.2.0/../../../../msp430-elf/lib/large/crt0.o
 .resetvec      0x0000000000000000        0x2 c:/ti/ccs/ccs/tools/compiler/msp430-gcc-9.2.0.50_win64/bin/../lib/gcc/msp430-elf/9.2.0/../../../../msp430-elf/lib/large/crt0.o
 .text          0x0000000000000000        0x0 c:/ti/ccs/ccs/tools/compiler/msp430-gcc-9.2.0.50_win64/bin/../lib/gcc/msp430-elf/9.2.0/large/crtbegin_no_eh.o
 .data          0x0000000000000000        0x0 c:/ti/ccs/ccs/tools/compiler/msp430-gcc-9.2.0.50_win64/bin/../lib/gcc/msp430-elf/9.2.0/large/crtbegin_no_eh.o
 .bss           0x0000000000000000        0x0 c:/ti/ccs/ccs/tools/compiler/msp430-gcc-9.2.0.50_win64/bin/../lib/gcc/msp430-elf/9.2.0/large/crtbegin_no_eh.o
 .comment       0x0000000000000000       0x3a c:/ti/ccs/ccs/tools/compiler/msp430-gcc-9.2.0.50_win64/bin/../lib/gcc/msp430-elf/9.2.0/large/crtbegin_no_eh.o
 .text          0x0000000000000000        0x0 ./core.o
 .data          0x0000000000000000        0x0 ./core.o
 .data          0x0000000000000000        0x0 ./main.o
 .bss           0x0000000000000000        0x0 ./main.o
 .text          0x0000000000000000        0x0 ./protected_isr.o
 .data          0x0000000000000000        0x0 ./protected_isr.o
 .bss           0x0000000000000000        0x0 ./protected_isr.o
 .text          0x0000000000000000        0x0 ./raHelper.o
 .data          0x0000000000000000        0x0 ./raHelper.o
 .bss           0x0000000000000000        0x0 ./raHelper.o
 .text          0x0000000000000000        0x0 ./raHelperAsm.o
 .data          0x0000000000000000        0x0 ./raHelperAsm.o
 .bss           0x0000000000000000        0x0 ./raHelperAsm.o
 .text          0x0000000000000000        0x0 ./secureUpdate.o
 .data          0x0000000000000000        0x0 ./secureUpdate.o
 .text          0x0000000000000000        0x0 ./virt_fun.o
 .data          0x0000000000000000        0x0 ./virt_fun.o
 .bss           0x0000000000000000        0x0 ./virt_fun.o
 .text          0x0000000000000000        0x0 c:/ti/ccs/ccs/tools/compiler/msp430-gcc-9.2.0.50_win64/bin/../lib/gcc/msp430-elf/9.2.0/../../../../msp430-elf/lib/large\libcrt.a(crt_bss.o)
 .data          0x0000000000000000        0x0 c:/ti/ccs/ccs/tools/compiler/msp430-gcc-9.2.0.50_win64/bin/../lib/gcc/msp430-elf/9.2.0/../../../../msp430-elf/lib/large\libcrt.a(crt_bss.o)
 .bss           0x0000000000000000        0x0 c:/ti/ccs/ccs/tools/compiler/msp430-gcc-9.2.0.50_win64/bin/../lib/gcc/msp430-elf/9.2.0/../../../../msp430-elf/lib/large\libcrt.a(crt_bss.o)
[...]
Memory Configuration

Name             Origin             Length             Attributes
SFR              0x0000000000000000 0x0000000000000010
BSL              0x0000000000001000 0x0000000000000800
RAM              0x0000000000002400 0x0000000000002000
USBRAM           0x0000000000001c00 0x0000000000000800
INFOMEM          0x0000000000001800 0x0000000000000200
INFOA            0x0000000000001980 0x0000000000000080
INFOB            0x0000000000001900 0x0000000000000080
INFOC            0x0000000000001880 0x0000000000000080
INFOD            0x0000000000001800 0x0000000000000080
BANKA            0x0000000000004400 0x0000000000008000
BANKB            0x000000000000c400 0x0000000000008000
BANKC            0x0000000000014400 0x0000000000008000
BANKD            0x000000000001c400 0x0000000000008000
RAM_uMSP         0x0000000000002400 0x0000000000000800
RAM_APP          0x0000000000002c00 0x00000000000017fc
APP_CODE         0x0000000000004400 0x0000000000008000 xr
APP_RO           0x0000000000014400 0x0000000000008000 r
uMSP             0x000000000000c400 0x0000000000003400
uMSP_UPPER       0x0000000000010600 0x0000000000003e00
ELF_CONTAINER    0x000000000001c400 0x0000000000008000
UMSP_ISR         0x000000000000f800 0x0000000000000236
UMSP_ISR1        0x000000000000f800 0x0000000000000008
UMSP_ISR2        0x000000000000f808 0x0000000000000008
UMSP_ISR3        0x000000000000f810 0x0000000000000008
UMSP_ISR4        0x000000000000f818 0x0000000000000008
UMSP_ISR5        0x000000000000f820 0x0000000000000008
UMSP_ISR6        0x000000000000f828 0x0000000000000008
UMSP_ISR7        0x000000000000f830 0x0000000000000008
UMSP_ISR8        0x000000000000f838 0x0000000000000008
UMSP_ISR9        0x000000000000f840 0x0000000000000008
UMSP_ISR10       0x000000000000f848 0x0000000000000008
UMSP_ISR11       0x000000000000f850 0x0000000000000008
UMSP_ISR12       0x000000000000f858 0x0000000000000008
UMSP_ISR13       0x000000000000f860 0x0000000000000008
UMSP_ISR14       0x000000000000f868 0x0000000000000008
UMSP_ISR15       0x000000000000f870 0x0000000000000008
UMSP_ISR16       0x000000000000f878 0x0000000000000008
UMSP_ISR17       0x000000000000f880 0x0000000000000008
UMSP_ISR18       0x000000000000f888 0x0000000000000008
UMSP_ISR19       0x000000000000f890 0x0000000000000008
UMSP_ISR20       0x000000000000f898 0x0000000000000008
UMSP_ISR21       0x000000000000f8a0 0x0000000000000008
UMSP_ISR22       0x000000000000f8a8 0x0000000000000008
UMSP_ISR23       0x000000000000f8b0 0x0000000000000008
UMSP_ISR24       0x000000000000f8b8 0x0000000000000008
UMSP_ISR25       0x000000000000f8c0 0x0000000000000008
UMSP_ISR26       0x000000000000f8c8 0x0000000000000008
UMSP_ISR27       0x000000000000f8d0 0x0000000000000008
UMSP_ISR28       0x000000000000f8d8 0x0000000000000008
UMSP_ISR29       0x000000000000f8e0 0x0000000000000008
UMSP_ISR30       0x000000000000f8e8 0x0000000000000008
UMSP_ISR31       0x000000000000f8f0 0x0000000000000008
UMSP_ISR32       0x000000000000f8f8 0x0000000000000008
UMSP_ISR33       0x000000000000f900 0x0000000000000008
UMSP_ISR34       0x000000000000f908 0x0000000000000008
UMSP_ISR35       0x000000000000f910 0x0000000000000008
UMSP_ISR36       0x000000000000f918 0x0000000000000008
UMSP_ISR37       0x000000000000f920 0x0000000000000008
UMSP_ISR38       0x000000000000f928 0x0000000000000008
UMSP_ISR39       0x000000000000f930 0x0000000000000008
UMSP_ISR40       0x000000000000f938 0x0000000000000008
UMSP_ISR41       0x000000000000f940 0x0000000000000008
UMSP_ISR42       0x000000000000f948 0x0000000000000008
UMSP_ISR43       0x000000000000f950 0x0000000000000008
UMSP_ISR44       0x000000000000f958 0x0000000000000008
UMSP_ISR45       0x000000000000f960 0x0000000000000008
UMSP_ISR46       0x000000000000f968 0x0000000000000008
UMSP_ISR47       0x000000000000f970 0x0000000000000008
UMSP_ISR48       0x000000000000f978 0x0000000000000008
UMSP_ISR49       0x000000000000f980 0x0000000000000008
UMSP_ISR50       0x000000000000f988 0x0000000000000008
UMSP_ISR51       0x000000000000f990 0x0000000000000008
UMSP_ISR52       0x000000000000f998 0x0000000000000008
UMSP_ISR53       0x000000000000f9a0 0x0000000000000008
UMSP_ISR54       0x000000000000f9a8 0x0000000000000008
UMSP_ISR55       0x000000000000f9b0 0x0000000000000008
UMSP_ISR56       0x000000000000f9b8 0x0000000000000008
UMSP_ISR57       0x000000000000f9c0 0x0000000000000008
UMSP_ISR58       0x000000000000f9c8 0x0000000000000008
UMSP_ISR59       0x000000000000f9d0 0x0000000000000008
UMSP_ISR60       0x000000000000f9d8 0x0000000000000008
UMSP_ISR61       0x000000000000f9e0 0x0000000000000008
UMSP_ISR62       0x000000000000f9e8 0x0000000000000008
UMSP_ISR63       0x000000000000f9f0 0x0000000000000008
UMSP_HANDLER     0x000000000000f9f8 0x000000000000003e
VIRT_FUN         0x000000000000fc00 0x0000000000000206
SAFE_BR          0x000000000000fc00 0x0000000000000022
SAFE_BRA         0x000000000000fc22 0x0000000000000026
SAFE_CALL        0x000000000000fc48 0x0000000000000022
SAFE_CALLA       0x000000000000fc6a 0x0000000000000026
SAFE_RET         0x000000000000fc90 0x000000000000002c
SAFE_RETI        0x000000000000fcbc 0x0000000000000044
SAFE_RETA        0x000000000000fd00 0x000000000000002c
WRITE_MOV        0x000000000000fd2c 0x000000000000000e
WRITE_MOVX       0x000000000000fd3a 0x0000000000000010
WRITE_XOR        0x000000000000fd4a 0x000000000000000e
WRITE_XORX       0x000000000000fd58 0x0000000000000010
WRITE_ADD        0x000000000000fd68 0x000000000000000e
WRITE_ADDX       0x000000000000fd76 0x0000000000000010
WRITE_ADDC       0x000000000000fd86 0x000000000000000e
WRITE_ADDCX      0x000000000000fd94 0x0000000000000010
WRITE_DADD       0x000000000000fda4 0x000000000000000e
WRITE_DADDX      0x000000000000fdb2 0x0000000000000010
WRITE_SUB        0x000000000000fdc2 0x000000000000000e
WRITE_SUBX       0x000000000000fdd0 0x0000000000000010
WRITE_SUBC       0x000000000000fde0 0x000000000000000e
WRITE_SUBCX      0x000000000000fdee 0x0000000000000010
STOP_MCU         0x000000000000fdfe 0x0000000000000004
RECEIVE_UPDATE   0x000000000000fc02 0x0000000000000004
UMSP_VECT1       0x000000000000ff80 0x0000000000000002
UMSP_VECT3       0x000000000000ff84 0x0000000000000002
UMSP_VECT2       0x000000000000ff82 0x0000000000000002
UMSP_VECT4       0x000000000000ff86 0x0000000000000002
UMSP_VECT5       0x000000000000ff88 0x0000000000000002
UMSP_VECT6       0x000000000000ff8a 0x0000000000000002
UMSP_VECT7       0x000000000000ff8c 0x0000000000000002
UMSP_VECT8       0x000000000000ff8e 0x0000000000000002
UMSP_VECT9       0x000000000000ff90 0x0000000000000002
UMSP_VECT10      0x000000000000ff92 0x0000000000000002
UMSP_VECT11      0x000000000000ff94 0x0000000000000002
UMSP_VECT12      0x000000000000ff96 0x0000000000000002
UMSP_VECT13      0x000000000000ff98 0x0000000000000002
UMSP_VECT14      0x000000000000ff9a 0x0000000000000002
UMSP_VECT15      0x000000000000ff9c 0x0000000000000002
UMSP_VECT16      0x000000000000ff9e 0x0000000000000002
UMSP_VECT17      0x000000000000ffa0 0x0000000000000002
UMSP_VECT18      0x000000000000ffa2 0x0000000000000002
UMSP_VECT19      0x000000000000ffa4 0x0000000000000002
UMSP_VECT20      0x000000000000ffa6 0x0000000000000002
UMSP_VECT21      0x000000000000ffa8 0x0000000000000002
UMSP_VECT22      0x000000000000ffaa 0x0000000000000002
UMSP_VECT23      0x000000000000ffac 0x0000000000000002
UMSP_VECT24      0x000000000000ffae 0x0000000000000002
UMSP_VECT25      0x000000000000ffb0 0x0000000000000002
UMSP_VECT26      0x000000000000ffb2 0x0000000000000002
UMSP_VECT27      0x000000000000ffb4 0x0000000000000002
UMSP_VECT28      0x000000000000ffb6 0x0000000000000002
UMSP_VECT29      0x000000000000ffb8 0x0000000000000002
UMSP_VECT30      0x000000000000ffba 0x0000000000000002
UMSP_VECT31      0x000000000000ffbc 0x0000000000000002
UMSP_VECT32      0x000000000000ffbe 0x0000000000000002
UMSP_VECT33      0x000000000000ffc0 0x0000000000000002
UMSP_VECT34      0x000000000000ffc2 0x0000000000000002
UMSP_VECT35      0x000000000000ffc4 0x0000000000000002
UMSP_VECT36      0x000000000000ffc6 0x0000000000000002
UMSP_VECT37      0x000000000000ffc8 0x0000000000000002
UMSP_VECT38      0x000000000000ffca 0x0000000000000002
UMSP_VECT39      0x000000000000ffcc 0x0000000000000002
UMSP_VECT40      0x000000000000ffce 0x0000000000000002
UMSP_VECT41      0x000000000000ffd0 0x0000000000000002
UMSP_VECT42      0x000000000000ffd2 0x0000000000000002
UMSP_VECT43      0x000000000000ffd4 0x0000000000000002
UMSP_VECT44      0x000000000000ffd6 0x0000000000000002
UMSP_VECT45      0x000000000000ffd8 0x0000000000000002
UMSP_VECT46      0x000000000000ffda 0x0000000000000002
UMSP_VECT47      0x000000000000ffdc 0x0000000000000002
UMSP_VECT48      0x000000000000ffde 0x0000000000000002
UMSP_VECT49      0x000000000000ffe0 0x0000000000000002
UMSP_VECT50      0x000000000000ffe2 0x0000000000000002
UMSP_VECT51      0x000000000000ffe4 0x0000000000000002
UMSP_VECT52      0x000000000000ffe6 0x0000000000000002
UMSP_VECT53      0x000000000000ffe8 0x0000000000000002
UMSP_VECT54      0x000000000000ffea 0x0000000000000002
UMSP_VECT55      0x000000000000ffec 0x0000000000000002
UMSP_VECT56      0x000000000000ffee 0x0000000000000002
UMSP_VECT57      0x000000000000fff0 0x0000000000000002
UMSP_VECT58      0x000000000000fff2 0x0000000000000002
UMSP_VECT59      0x000000000000fff4 0x0000000000000002
UMSP_VECT60      0x000000000000fff6 0x0000000000000002
UMSP_VECT61      0x000000000000fff8 0x0000000000000002
UMSP_VECT62      0x000000000000fffa 0x0000000000000002
UMSP_VECT63      0x000000000000fffc 0x0000000000000002
VECT1            0x0000000000010400 0x0000000000000002
VECT2            0x0000000000010402 0x0000000000000002
VECT3            0x0000000000010404 0x0000000000000002
VECT4            0x0000000000010406 0x0000000000000002
VECT5            0x0000000000010408 0x0000000000000002
VECT6            0x000000000001040a 0x0000000000000002
VECT7            0x000000000001040c 0x0000000000000002
VECT8            0x000000000001040e 0x0000000000000002
VECT9            0x0000000000010410 0x0000000000000002
VECT10           0x0000000000010412 0x0000000000000002
VECT11           0x0000000000010414 0x0000000000000002
VECT12           0x0000000000010416 0x0000000000000002
VECT13           0x0000000000010418 0x0000000000000002
VECT14           0x000000000001041a 0x0000000000000002
VECT15           0x000000000001041c 0x0000000000000002
VECT16           0x000000000001041e 0x0000000000000002
VECT17           0x0000000000010420 0x0000000000000002
VECT18           0x0000000000010422 0x0000000000000002
VECT19           0x0000000000010424 0x0000000000000002
VECT20           0x0000000000010426 0x0000000000000002
VECT21           0x0000000000010428 0x0000000000000002
VECT22           0x000000000001042a 0x0000000000000002
VECT23           0x000000000001042c 0x0000000000000002
VECT24           0x000000000001042e 0x0000000000000002
VECT25           0x0000000000010430 0x0000000000000002
VECT26           0x0000000000010432 0x0000000000000002
VECT27           0x0000000000010434 0x0000000000000002
VECT28           0x0000000000010436 0x0000000000000002
VECT29           0x0000000000010438 0x0000000000000002
VECT30           0x000000000001043a 0x0000000000000002
VECT31           0x000000000001043c 0x0000000000000002
VECT32           0x000000000001043e 0x0000000000000002
VECT33           0x0000000000010440 0x0000000000000002
VECT34           0x0000000000010442 0x0000000000000002
VECT35           0x0000000000010444 0x0000000000000002
VECT36           0x0000000000010446 0x0000000000000002
VECT37           0x0000000000010448 0x0000000000000002
VECT38           0x000000000001044a 0x0000000000000002
VECT39           0x000000000001044c 0x0000000000000002
VECT40           0x000000000001044e 0x0000000000000002
VECT41           0x0000000000010450 0x0000000000000002
VECT42           0x0000000000010452 0x0000000000000002
VECT43           0x0000000000010454 0x0000000000000002
VECT44           0x0000000000010456 0x0000000000000002
VECT45           0x0000000000010458 0x0000000000000002
VECT46           0x000000000001045a 0x0000000000000002
VECT47           0x000000000001045c 0x0000000000000002
VECT48           0x000000000001045e 0x0000000000000002
VECT49           0x0000000000010460 0x0000000000000002
VECT50           0x0000000000010462 0x0000000000000002
VECT51           0x0000000000010464 0x0000000000000002
VECT52           0x0000000000010466 0x0000000000000002
VECT53           0x0000000000010468 0x0000000000000002
VECT54           0x000000000001046a 0x0000000000000002
VECT55           0x000000000001046c 0x0000000000000002
VECT56           0x000000000001046e 0x0000000000000002
VECT57           0x0000000000010470 0x0000000000000002
VECT58           0x0000000000010472 0x0000000000000002
VECT59           0x0000000000010474 0x0000000000000002
VECT60           0x0000000000010476 0x0000000000000002
VECT61           0x0000000000010478 0x0000000000000002
VECT62           0x000000000001047a 0x0000000000000002
VECT63           0x000000000001047c 0x0000000000000002
RESETVEC         0x000000000000fffe 0x0000000000000002
*default*        0x0000000000000000 0xffffffffffffffff

Linker script and memory map

LOAD c:/ti/ccs/ccs/tools/compiler/msp430-gcc-9.2.0.50_win64/bin/../lib/gcc/msp430-elf/9.2.0/../../../../msp430-elf/lib/large/crt0.o
LOAD c:/ti/ccs/ccs/tools/compiler/msp430-gcc-9.2.0.50_win64/bin/../lib/gcc/msp430-elf/9.2.0/large/crtbegin_no_eh.o
LOAD ./core.o
LOAD ./main.o
LOAD ./protected_isr.o
LOAD ./raHelper.o
LOAD ./raHelperAsm.o
LOAD ./secureUpdate.o
LOAD ./virt_fun.o
START GROUP
LOAD c:/ti/ccs/ccs/tools/compiler/msp430-gcc-9.2.0.50_win64/bin/../lib/gcc/msp430-elf/9.2.0/large\libgcc.a
LOAD c:/ti/ccs/ccs/tools/compiler/msp430-gcc-9.2.0.50_win64/bin/../lib/gcc/msp430-elf/9.2.0/../../../../msp430-elf/lib/large\libc.a
END GROUP
LOAD c:/ti/ccs/ccs/tools/compiler/msp430-gcc-9.2.0.50_win64/bin/../lib/gcc/msp430-elf/9.2.0/large\libgcc.a
START GROUP
LOAD c:/ti/ccs/ccs/tools/compiler/msp430-gcc-9.2.0.50_win64/bin/../lib/gcc/msp430-elf/9.2.0/large\libmul_f5.a
LOAD c:/ti/ccs/ccs/tools/compiler/msp430-gcc-9.2.0.50_win64/bin/../lib/gcc/msp430-elf/9.2.0/../../../../msp430-elf/lib/large\libc.a
LOAD c:/ti/ccs/ccs/tools/compiler/msp430-gcc-9.2.0.50_win64/bin/../lib/gcc/msp430-elf/9.2.0/large\libgcc.a
LOAD c:/ti/ccs/ccs/tools/compiler/msp430-gcc-9.2.0.50_win64/bin/../lib/gcc/msp430-elf/9.2.0/../../../../msp430-elf/lib/large\libcrt.a
LOAD c:/ti/ccs/ccs/tools/compiler/msp430-gcc-9.2.0.50_win64/bin/../lib/gcc/msp430-elf/9.2.0/../../../../msp430-elf/lib/large\libnosys.a
END GROUP
LOAD c:/ti/ccs/ccs/tools/compiler/msp430-gcc-9.2.0.50_win64/bin/../lib/gcc/msp430-elf/9.2.0/large\libgcc.a
LOAD c:/ti/ccs/ccs/tools/compiler/msp430-gcc-9.2.0.50_win64/bin/../lib/gcc/msp430-elf/9.2.0/large/crtend_no_eh.o
LOAD c:/ti/ccs/ccs/tools/compiler/msp430-gcc-9.2.0.50_win64/bin/../lib/gcc/msp430-elf/9.2.0/large\libgcc.a

__interrupt_vector_1
                0x0000000000010400        0x2
 *(__interrupt_vector_1)
 __interrupt_vector_1
                0x0000000000010400        0x2 ./secureUpdate.o

__interrupt_vector_2
 *(__interrupt_vector_2)

__interrupt_vector_3
 *(__interrupt_vector_3)

__interrupt_vector_4
 *(__interrupt_vector_4)

__interrupt_vector_5
 *(__interrupt_vector_5)

__interrupt_vector_6
 *(__interrupt_vector_6)

__interrupt_vector_7
 *(__interrupt_vector_7)

__interrupt_vector_8
 *(__interrupt_vector_8)

__interrupt_vector_9
 *(__interrupt_vector_9)

__interrupt_vector_10
 *(__interrupt_vector_10)

__interrupt_vector_11
 *(__interrupt_vector_11)

__interrupt_vector_12
 *(__interrupt_vector_12)

__interrupt_vector_13
 *(__interrupt_vector_13)

__interrupt_vector_14
 *(__interrupt_vector_14)

__interrupt_vector_15
 *(__interrupt_vector_15)

__interrupt_vector_16
 *(__interrupt_vector_16)

__interrupt_vector_17
 *(__interrupt_vector_17)

__interrupt_vector_18
 *(__interrupt_vector_18)

__interrupt_vector_19
 *(__interrupt_vector_19)

__interrupt_vector_20
 *(__interrupt_vector_20)

__interrupt_vector_21
 *(__interrupt_vector_21)

__interrupt_vector_22
 *(__interrupt_vector_22)

__interrupt_vector_23
 *(__interrupt_vector_23)

__interrupt_vector_24
 *(__interrupt_vector_24)

__interrupt_vector_25
 *(__interrupt_vector_25)

__interrupt_vector_26
 *(__interrupt_vector_26)

__interrupt_vector_27
 *(__interrupt_vector_27)

__interrupt_vector_28
 *(__interrupt_vector_28)

__interrupt_vector_29
 *(__interrupt_vector_29)

__interrupt_vector_30
 *(__interrupt_vector_30)

__interrupt_vector_31
 *(__interrupt_vector_31)

__interrupt_vector_32
 *(__interrupt_vector_32)

__interrupt_vector_33
 *(__interrupt_vector_33)

__interrupt_vector_34
 *(__interrupt_vector_34)

__interrupt_vector_35
 *(__interrupt_vector_35)

__interrupt_vector_36
 *(__interrupt_vector_36)

__interrupt_vector_37
 *(__interrupt_vector_37)

__interrupt_vector_38
 *(__interrupt_vector_38)

__interrupt_vector_39
 *(__interrupt_vector_39)

__interrupt_vector_40
 *(__interrupt_vector_40)

__interrupt_vector_41
 *(__interrupt_vector_41)

__interrupt_vector_42
 *(__interrupt_vector_42)
 *(__interrupt_vector_rtc)

__interrupt_vector_43
 *(__interrupt_vector_43)
 *(__interrupt_vector_port2)

__interrupt_vector_44
 *(__interrupt_vector_44)
 *(__interrupt_vector_timer2_a1)

__interrupt_vector_45
 *(__interrupt_vector_45)
 *(__interrupt_vector_timer2_a0)

__interrupt_vector_46
 *(__interrupt_vector_46)
 *(__interrupt_vector_usci_b1)

__interrupt_vector_47
 *(__interrupt_vector_47)
 *(__interrupt_vector_usci_a1)

__interrupt_vector_48
 *(__interrupt_vector_48)
 *(__interrupt_vector_port1)

__interrupt_vector_49
 *(__interrupt_vector_49)
 *(__interrupt_vector_timer1_a1)

__interrupt_vector_50
 *(__interrupt_vector_50)
 *(__interrupt_vector_timer1_a0)

__interrupt_vector_51
 *(__interrupt_vector_51)
 *(__interrupt_vector_dma)

__interrupt_vector_52
 *(__interrupt_vector_52)
 *(__interrupt_vector_usb_ubm)

__interrupt_vector_53
 *(__interrupt_vector_53)
 *(__interrupt_vector_timer0_a1)

__interrupt_vector_54
 *(__interrupt_vector_54)
 *(__interrupt_vector_timer0_a0)

__interrupt_vector_55
 *(__interrupt_vector_55)
 *(__interrupt_vector_adc12)

__interrupt_vector_56
 *(__interrupt_vector_56)
 *(__interrupt_vector_usci_b0)

__interrupt_vector_57
 *(__interrupt_vector_57)
 *(__interrupt_vector_usci_a0)

__interrupt_vector_58
 *(__interrupt_vector_58)
 *(__interrupt_vector_wdt)

__interrupt_vector_59
 *(__interrupt_vector_59)
 *(__interrupt_vector_timer0_b1)

__interrupt_vector_60
 *(__interrupt_vector_60)
 *(__interrupt_vector_timer0_b0)

__interrupt_vector_61
 *(__interrupt_vector_61)
 *(__interrupt_vector_comp_b)

__interrupt_vector_62
 *(__interrupt_vector_62)
 *(__interrupt_vector_unmi)

__interrupt_vector_63
 *(__interrupt_vector_63)
 *(__interrupt_vector_sysnmi)

.umsp:code      0x000000000000c400     0x1ec4
                0x000000000000c400                PROVIDE (_start = .)
 *(.umsp:code)
 .umsp:code     0x000000000000c400     0x196a ./core.o
                0x000000000000c400                launchAppCode
                0x000000000000c418                binarySearch
                0x000000000000c4a2                isImmediateSafeValue
                0x000000000000c5f6                cfiCheck
                0x000000000000c63e                flushBufferToFlash
                0x000000000000c6ae                verify
                0x000000000000dd0a                secureBoot
 .umsp:code     0x000000000000dd6a      0x2da ./secureUpdate.o
                0x000000000000dd6a                INTERRUPT_ISR
                0x000000000000dd94                overWriteMemory
                0x000000000000de1c                bootAfterUpdate
                0x000000000000de90                secureUpdate
 *(.umsp:rodata)
 .umsp:rodata   0x000000000000e044       0x66 ./core.o
                0x000000000000e044                entryPointBSL
                0x000000000000e046                receive_update_address
                0x000000000000e048                safe_subcx
                0x000000000000e04a                safe_subc
                0x000000000000e04c                safe_subx
                0x000000000000e04e                safe_sub
                0x000000000000e050                safe_daddx
                0x000000000000e052                safe_dadd
                0x000000000000e054                safe_addcx
                0x000000000000e056                safe_addc
                0x000000000000e058                safe_addx
                0x000000000000e05a                safe_add
                0x000000000000e05c                safe_xorx
                0x000000000000e05e                safe_xor
                0x000000000000e060                safe_movx
                0x000000000000e062                safe_mov
                0x000000000000e064                safe_reta
                0x000000000000e066                safe_reti
                0x000000000000e068                safe_ret
                0x000000000000e06a                safe_calla
                0x000000000000e06c                safe_call
                0x000000000000e06e                safe_bra
                0x000000000000e070                safe_br
                0x000000000000e072                vectorBottom
                0x000000000000e076                vectorTop
                0x000000000000e07a                ramTop
                0x000000000000e07e                ramBottom
                0x000000000000e082                flashBottom
                0x000000000000e086                flashTop
                0x000000000000e08a                bslBottom
                0x000000000000e08c                bslTop
                0x000000000000e08e                elfAddress
                0x000000000000e092                appTopROdata
                0x000000000000e096                appBottomROdata
                0x000000000000e09a                appTopText
                0x000000000000e09e                appBottomText
                0x000000000000e0a2                appBottomRam
                0x000000000000e0a6                appTopRam
 .umsp:rodata   0x000000000000e0aa        0x4 ./raHelper.o
                0x000000000000e0aa                backupAddress
 .umsp:rodata   0x000000000000e0ae       0x82 ./secureUpdate.o
                0x000000000000e0ae                oldISR
                0x000000000000e12e                dataLengthBytes
 *lib_a-memcpy*()
 .text          0x000000000000e130        0x0 c:/ti/ccs/ccs/tools/compiler/msp430-gcc-9.2.0.50_win64/bin/../lib/gcc/msp430-elf/9.2.0/../../../../msp430-elf/lib/large\libc.a(lib_a-memcpy.o)
 .data          0x000000000000e130        0x0 c:/ti/ccs/ccs/tools/compiler/msp430-gcc-9.2.0.50_win64/bin/../lib/gcc/msp430-elf/9.2.0/../../../../msp430-elf/lib/large\libc.a(lib_a-memcpy.o)
 .bss           0x000000000000e130        0x0 c:/ti/ccs/ccs/tools/compiler/msp430-gcc-9.2.0.50_win64/bin/../lib/gcc/msp430-elf/9.2.0/../../../../msp430-elf/lib/large\libc.a(lib_a-memcpy.o)
 .text.memcpy   0x000000000000e130       0x30 c:/ti/ccs/ccs/tools/compiler/msp430-gcc-9.2.0.50_win64/bin/../lib/gcc/msp430-elf/9.2.0/../../../../msp430-elf/lib/large\libc.a(lib_a-memcpy.o)
                0x000000000000e130                memcpy
 .comment       0x000000000000e160       0x39 c:/ti/ccs/ccs/tools/compiler/msp430-gcc-9.2.0.50_win64/bin/../lib/gcc/msp430-elf/9.2.0/../../../../msp430-elf/lib/large\libc.a(lib_a-memcpy.o)
                                         0x3a (size before relaxing)
 .MSP430.attributes
                0x000000000000e199       0x26 c:/ti/ccs/ccs/tools/compiler/msp430-gcc-9.2.0.50_win64/bin/../lib/gcc/msp430-elf/9.2.0/../../../../msp430-elf/lib/large\libc.a(lib_a-memcpy.o)
 *lib_a-memset*()
 .text          0x000000000000e1bf        0x0 c:/ti/ccs/ccs/tools/compiler/msp430-gcc-9.2.0.50_win64/bin/../lib/gcc/msp430-elf/9.2.0/../../../../msp430-elf/lib/large\libc.a(lib_a-memset.o)
 .data          0x000000000000e1bf        0x0 c:/ti/ccs/ccs/tools/compiler/msp430-gcc-9.2.0.50_win64/bin/../lib/gcc/msp430-elf/9.2.0/../../../../msp430-elf/lib/large\libc.a(lib_a-memset.o)
 .bss           0x000000000000e1bf        0x0 c:/ti/ccs/ccs/tools/compiler/msp430-gcc-9.2.0.50_win64/bin/../lib/gcc/msp430-elf/9.2.0/../../../../msp430-elf/lib/large\libc.a(lib_a-memset.o)
 *fill*         0x000000000000e1bf        0x1 
 .text.memset   0x000000000000e1c0       0x1a c:/ti/ccs/ccs/tools/compiler/msp430-gcc-9.2.0.50_win64/bin/../lib/gcc/msp430-elf/9.2.0/../../../../msp430-elf/lib/large\libc.a(lib_a-memset.o)
                0x000000000000e1c0                memset
 .comment       0x000000000000e1da       0x3a c:/ti/ccs/ccs/tools/compiler/msp430-gcc-9.2.0.50_win64/bin/../lib/gcc/msp430-elf/9.2.0/../../../../msp430-elf/lib/large\libc.a(lib_a-memset.o)
 .MSP430.attributes
                0x000000000000e1da       0x26 c:/ti/ccs/ccs/tools/compiler/msp430-gcc-9.2.0.50_win64/bin/../lib/gcc/msp430-elf/9.2.0/../../../../msp430-elf/lib/large\libc.a(lib_a-memset.o)
 *sll*()
 .text          0x000000000000e200        0x0 c:/ti/ccs/ccs/tools/compiler/msp430-gcc-9.2.0.50_win64/bin/../lib/gcc/msp430-elf/9.2.0/large\libgcc.a(slli.o)
 .data          0x000000000000e200        0x0 c:/ti/ccs/ccs/tools/compiler/msp430-gcc-9.2.0.50_win64/bin/../lib/gcc/msp430-elf/9.2.0/large\libgcc.a(slli.o)
 .bss           0x000000000000e200        0x0 c:/ti/ccs/ccs/tools/compiler/msp430-gcc-9.2.0.50_win64/bin/../lib/gcc/msp430-elf/9.2.0/large\libgcc.a(slli.o)
 .text.__mspabi_slli_n
                0x000000000000e200       0x20 c:/ti/ccs/ccs/tools/compiler/msp430-gcc-9.2.0.50_win64/bin/../lib/gcc/msp430-elf/9.2.0/large\libgcc.a(slli.o)
                0x000000000000e200                __mspabi_slli_15
                0x000000000000e202                __mspabi_slli_14
                0x000000000000e204                __mspabi_slli_13
                0x000000000000e206                __mspabi_slli_12
                0x000000000000e208                __mspabi_slli_11
                0x000000000000e20a                __mspabi_slli_10
                0x000000000000e20c                __mspabi_slli_9
                0x000000000000e20e                __mspabi_slli_8
                0x000000000000e210                __mspabi_slli_7
                0x000000000000e212                __mspabi_slli_6
                0x000000000000e214                __mspabi_slli_5
                0x000000000000e216                __mspabi_slli_4
                0x000000000000e218                __mspabi_slli_3
                0x000000000000e21a                __mspabi_slli_2
                0x000000000000e21c                __mspabi_slli_1
 .text.__mspabi_slli
                0x000000000000e220        0xa c:/ti/ccs/ccs/tools/compiler/msp430-gcc-9.2.0.50_win64/bin/../lib/gcc/msp430-elf/9.2.0/large\libgcc.a(slli.o)
                0x000000000000e224                __mspabi_slli
 .text.__gnu_mspabi_sllp
                0x000000000000e22a        0xc c:/ti/ccs/ccs/tools/compiler/msp430-gcc-9.2.0.50_win64/bin/../lib/gcc/msp430-elf/9.2.0/large\libgcc.a(slli.o)
                0x000000000000e230                __gnu_mspabi_sllp
 .text.__mspabi_slll_n
                0x000000000000e236       0x3e c:/ti/ccs/ccs/tools/compiler/msp430-gcc-9.2.0.50_win64/bin/../lib/gcc/msp430-elf/9.2.0/large\libgcc.a(slli.o)
                0x000000000000e236                __mspabi_slll_15
                0x000000000000e23a                __mspabi_slll_14
                0x000000000000e23e                __mspabi_slll_13
                0x000000000000e242                __mspabi_slll_12
                0x000000000000e246                __mspabi_slll_11
                0x000000000000e24a                __mspabi_slll_10
                0x000000000000e24e                __mspabi_slll_9
                0x000000000000e252                __mspabi_slll_8
                0x000000000000e256                __mspabi_slll_7
                0x000000000000e25a                __mspabi_slll_6
                0x000000000000e25e                __mspabi_slll_5
                0x000000000000e262                __mspabi_slll_4
                0x000000000000e266                __mspabi_slll_3
                0x000000000000e26a                __mspabi_slll_2
                0x000000000000e26e                __mspabi_slll_1
 .text.__mspabi_slll
                0x000000000000e274        0xc c:/ti/ccs/ccs/tools/compiler/msp430-gcc-9.2.0.50_win64/bin/../lib/gcc/msp430-elf/9.2.0/large\libgcc.a(slli.o)
                0x000000000000e27a                __mspabi_slll
 .text.__mspabi_sllll
                0x000000000000e280       0x1e c:/ti/ccs/ccs/tools/compiler/msp430-gcc-9.2.0.50_win64/bin/../lib/gcc/msp430-elf/9.2.0/large\libgcc.a(slli.o)
                0x000000000000e280                __mspabi_sllll
 .MSP430.attributes
                0x000000000000e29e       0x26 c:/ti/ccs/ccs/tools/compiler/msp430-gcc-9.2.0.50_win64/bin/../lib/gcc/msp430-elf/9.2.0/large\libgcc.a(slli.o)
 *srl*()

.umsp:codeUpper
                0x0000000000010600      0x462
 *(.umsp:codeUpper)
 .umsp:codeUpper
                0x0000000000010600       0xe2 ./raHelper.o
                0x0000000000010600                backupRam
                0x0000000000010696                restoreRam
                0x00000000000106da                secureCleaner
                0x00000000000106e0                secureRestorer
 .umsp:codeUpper
                0x00000000000106e2       0xc4 ./raHelperAsm.o
                0x00000000000106e2                raRegBackup
                0x000000000001077c                raRegRestore
 .umsp:codeUpper
                0x00000000000107a6      0x2bc ./secureUpdate.o
                0x00000000000107a6                load_elf_segment
                0x00000000000109e6                deploy

.umsp:data
 *(.umsp:data)
 ./core/obj/*(*.bss)
 ./core/obj/*(.data)
 ./core/obj/*(.stack)

.umsp:virt_fun  0x000000000000fc00      0x206
 *(.virt_fun)
 .virt_fun      0x000000000000fc00      0x206 ./virt_fun.o
                0x000000000000fc00                safe_br_fun
                0x000000000000fc22                safe_bra_fun
                0x000000000000fc48                safe_call_fun
                0x000000000000fc6a                safe_calla_fun
                0x000000000000fc90                safe_ret_fun
                0x000000000000fcbc                safe_reti_fun
                0x000000000000fd00                safe_reta_fun
                0x000000000000fd2c                write_mov_fun
                0x000000000000fd3a                write_movx_fun
                0x000000000000fd4a                write_xor_fun
                0x000000000000fd58                write_xorx_fun
                0x000000000000fd68                write_add_fun
                0x000000000000fd76                write_addx_fun
                0x000000000000fd86                write_addc_fun
                0x000000000000fd94                write_addcx_fun
                0x000000000000fda4                write_dadd_fun
                0x000000000000fdb2                write_daddx_fun
                0x000000000000fdc2                write_sub_fun
                0x000000000000fdd0                write_subx_fun
                0x000000000000fde0                write_subc_fun
                0x000000000000fdee                write_subcx_fun
                0x000000000000fe02                receiveUpdate
 *(*virt_fun)

.secure_reset_vector
                0x000000000000fffe        0x2
                0x000000000000fffe        0x2 SHORT 0x4400

.uMSP_VECTOR_1  0x000000000000ff80        0x2
                0x000000000000ff80        0x2 SHORT 0xf800

.uMSP_VECTOR_2  0x000000000000ff82        0x2
                0x000000000000ff82        0x2 SHORT 0xf808

.uMSP_VECTOR_3  0x000000000000ff84        0x2
                0x000000000000ff84        0x2 SHORT 0xf810

.uMSP_VECTOR_4  0x000000000000ff86        0x2
                0x000000000000ff86        0x2 SHORT 0xf818

.uMSP_VECTOR_5  0x000000000000ff88        0x2
                0x000000000000ff88        0x2 SHORT 0xf820

.uMSP_VECTOR_6  0x000000000000ff8a        0x2
                0x000000000000ff8a        0x2 SHORT 0xf828

.uMSP_VECTOR_7  0x000000000000ff8c        0x2
                0x000000000000ff8c        0x2 SHORT 0xf830

.uMSP_VECTOR_8  0x000000000000ff8e        0x2
                0x000000000000ff8e        0x2 SHORT 0xf838

.uMSP_VECTOR_9  0x000000000000ff90        0x2
                0x000000000000ff90        0x2 SHORT 0xf840

.uMSP_VECTOR_10
                0x000000000000ff92        0x2
                0x000000000000ff92        0x2 SHORT 0xf848

.uMSP_VECTOR_11
                0x000000000000ff94        0x2
                0x000000000000ff94        0x2 SHORT 0xf850

.uMSP_VECTOR_12
                0x000000000000ff96        0x2
                0x000000000000ff96        0x2 SHORT 0xf858

.uMSP_VECTOR_13
                0x000000000000ff98        0x2
                0x000000000000ff98        0x2 SHORT 0xf860

.uMSP_VECTOR_14
                0x000000000000ff9a        0x2
                0x000000000000ff9a        0x2 SHORT 0xf868

.uMSP_VECTOR_15
                0x000000000000ff9c        0x2
                0x000000000000ff9c        0x2 SHORT 0xf870

.uMSP_VECTOR_16
                0x000000000000ff9e        0x2
                0x000000000000ff9e        0x2 SHORT 0xf878

.uMSP_VECTOR_17
                0x000000000000ffa0        0x2
                0x000000000000ffa0        0x2 SHORT 0xf880

.uMSP_VECTOR_18
                0x000000000000ffa2        0x2
                0x000000000000ffa2        0x2 SHORT 0xf888

.uMSP_VECTOR_19
                0x000000000000ffa4        0x2
                0x000000000000ffa4        0x2 SHORT 0xf890

.uMSP_VECTOR_20
                0x000000000000ffa6        0x2
                0x000000000000ffa6        0x2 SHORT 0xf898

.uMSP_VECTOR_21
                0x000000000000ffa8        0x2
                0x000000000000ffa8        0x2 SHORT 0xf8a0

.uMSP_VECTOR_22
                0x000000000000ffaa        0x2
                0x000000000000ffaa        0x2 SHORT 0xf8a8

.uMSP_VECTOR_23
                0x000000000000ffac        0x2
                0x000000000000ffac        0x2 SHORT 0xf8b0

.uMSP_VECTOR_24
                0x000000000000ffae        0x2
                0x000000000000ffae        0x2 SHORT 0xf8b8

.uMSP_VECTOR_25
                0x000000000000ffb0        0x2
                0x000000000000ffb0        0x2 SHORT 0xf8c0

.uMSP_VECTOR_26
                0x000000000000ffb2        0x2
                0x000000000000ffb2        0x2 SHORT 0xf8c8

.uMSP_VECTOR_27
                0x000000000000ffb4        0x2
                0x000000000000ffb4        0x2 SHORT 0xf8d0

.uMSP_VECTOR_28
                0x000000000000ffb6        0x2
                0x000000000000ffb6        0x2 SHORT 0xf8d8

.uMSP_VECTOR_29
                0x000000000000ffb8        0x2
                0x000000000000ffb8        0x2 SHORT 0xf8e0

.uMSP_VECTOR_30
                0x000000000000ffba        0x2
                0x000000000000ffba        0x2 SHORT 0xf8e8

.uMSP_VECTOR_31
                0x000000000000ffbc        0x2
                0x000000000000ffbc        0x2 SHORT 0xf8f0

.uMSP_VECTOR_32
                0x000000000000ffbe        0x2
                0x000000000000ffbe        0x2 SHORT 0xf8f8

.uMSP_VECTOR_33
                0x000000000000ffc0        0x2
                0x000000000000ffc0        0x2 SHORT 0xf900

.uMSP_VECTOR_34
                0x000000000000ffc2        0x2
                0x000000000000ffc2        0x2 SHORT 0xf908

.uMSP_VECTOR_35
                0x000000000000ffc4        0x2
                0x000000000000ffc4        0x2 SHORT 0xf910

.uMSP_VECTOR_36
                0x000000000000ffc6        0x2
                0x000000000000ffc6        0x2 SHORT 0xf918

.uMSP_VECTOR_37
                0x000000000000ffc8        0x2
                0x000000000000ffc8        0x2 SHORT 0xf920

.uMSP_VECTOR_38
                0x000000000000ffca        0x2
                0x000000000000ffca        0x2 SHORT 0xf928

.uMSP_VECTOR_39
                0x000000000000ffcc        0x2
                0x000000000000ffcc        0x2 SHORT 0xf930

.uMSP_VECTOR_40
                0x000000000000ffce        0x2
                0x000000000000ffce        0x2 SHORT 0xf938

.uMSP_VECTOR_41
                0x000000000000ffd0        0x2
                0x000000000000ffd0        0x2 SHORT 0xf940

.uMSP_VECTOR_42
                0x000000000000ffd2        0x2
                0x000000000000ffd2        0x2 SHORT 0xf948

.uMSP_VECTOR_43
                0x000000000000ffd4        0x2
                0x000000000000ffd4        0x2 SHORT 0xf950

.uMSP_VECTOR_44
                0x000000000000ffd6        0x2
                0x000000000000ffd6        0x2 SHORT 0xf958

.uMSP_VECTOR_45
                0x000000000000ffd8        0x2
                0x000000000000ffd8        0x2 SHORT 0xf960

.uMSP_VECTOR_46
                0x000000000000ffda        0x2
                0x000000000000ffda        0x2 SHORT 0xf968

.uMSP_VECTOR_47
                0x000000000000ffdc        0x2
                0x000000000000ffdc        0x2 SHORT 0xf970

.uMSP_VECTOR_48
                0x000000000000ffde        0x2
                0x000000000000ffde        0x2 SHORT 0xf978

.uMSP_VECTOR_49
                0x000000000000ffe0        0x2
                0x000000000000ffe0        0x2 SHORT 0xf980

.uMSP_VECTOR_50
                0x000000000000ffe2        0x2
                0x000000000000ffe2        0x2 SHORT 0xf988

.uMSP_VECTOR_51
                0x000000000000ffe4        0x2
                0x000000000000ffe4        0x2 SHORT 0xf990

.uMSP_VECTOR_52
                0x000000000000ffe6        0x2
                0x000000000000ffe6        0x2 SHORT 0xf998

.uMSP_VECTOR_53
                0x000000000000ffe8        0x2
                0x000000000000ffe8        0x2 SHORT 0xf9a0

.uMSP_VECTOR_54
                0x000000000000ffea        0x2
                0x000000000000ffea        0x2 SHORT 0xf9a8

.uMSP_VECTOR_55
                0x000000000000ffec        0x2
                0x000000000000ffec        0x2 SHORT 0xf9b0

.uMSP_VECTOR_56
                0x000000000000ffee        0x2
                0x000000000000ffee        0x2 SHORT 0xf9b8

.uMSP_VECTOR_57
                0x000000000000fff0        0x2
                0x000000000000fff0        0x2 SHORT 0xf9c0

.uMSP_VECTOR_58
                0x000000000000fff2        0x2
                0x000000000000fff2        0x2 SHORT 0xf9c8

.uMSP_VECTOR_59
                0x000000000000fff4        0x2
                0x000000000000fff4        0x2 SHORT 0xf9d0

.uMSP_VECTOR_60
                0x000000000000fff6        0x2
                0x000000000000fff6        0x2 SHORT 0xf9d8

.uMSP_VECTOR_61
                0x000000000000fff8        0x2
                0x000000000000fff8        0x2 SHORT 0xf9e0

.uMSP_VECTOR_62
                0x000000000000fffa        0x2
                0x000000000000fffa        0x2 SHORT 0xf9e8

.uMSP_VECTOR_63
                0x000000000000fffc        0x2
                0x000000000000fffc        0x2 SHORT 0xf9f0

.umsp:prt_isr   0x000000000000f800      0x236
 *(.prt_isr)
 .prt_isr       0x000000000000f800      0x236 ./protected_isr.o

.lower.rodata   0x0000000000014400        0x0
                0x0000000000014400                . = ALIGN (0x2)
 *(.lower.rodata.* .lower.rodata)

.rodata         0x0000000000014400        0x0
                0x0000000000014400                . = ALIGN (0x2)
 *(.plt)
                0x0000000000014400                . = ALIGN (0x2)
 *(.rodata .rodata.* .gnu.linkonce.r.* .const .const:*)
 *(.rodata1)
 *(.gcc_except_table)
 *(.gcc_except_table.*)

.rodata2        0x0000000000014400        0x0
                0x0000000000014400                . = ALIGN (0x2)
                [!provide]                        PROVIDE (__preinit_array_start = .)
 *(.preinit_array)
                [!provide]                        PROVIDE (__preinit_array_end = .)
                0x0000000000014400                . = ALIGN (0x2)
                [!provide]                        PROVIDE (__init_array_start = .)
 *(SORT_BY_NAME(.init_array.*))
 *(.init_array)
                [!provide]                        PROVIDE (__init_array_end = .)
                0x0000000000014400                . = ALIGN (0x2)
                [!provide]                        PROVIDE (__fini_array_start = .)
 *(.fini_array)
 *(SORT_BY_NAME(.fini_array.*))
                [!provide]                        PROVIDE (__fini_array_end = .)
                0x0000000000014400                . = ALIGN (0x2)
 *(.eh_frame_hdr)
 *(.eh_frame)
 *crtbegin*.o(.ctors)
 *(EXCLUDE_FILE(*crtend*.o) .ctors)
 *(SORT_BY_NAME(.ctors.*))
 *(.ctors)
 *crtbegin*.o(.dtors)
 *(EXCLUDE_FILE(*crtend*.o) .dtors)
 *(SORT_BY_NAME(.dtors.*))
 *(.dtors)

.upper.rodata
 *(.upper.rodata.* .upper.rodata)

.data           0x0000000000002c00        0x0
                0x0000000000002c00                . = ALIGN (0x2)
                [!provide]                        PROVIDE (__datastart = .)
 *(.lower.data.* .lower.data)
                0x0000000000002c00                . = ALIGN (0x2)
 *(.either.data.* .either.data)
                0x0000000000002c00                . = ALIGN (0x2)
 *(.jcr)
 *(.data.rel.ro.local)
 *(.data.rel.ro*)
 *(.dynamic)
                0x0000000000002c00                . = ALIGN (0x2)
 *(.data .data.* .gnu.linkonce.d.*)
 *(.gnu.linkonce.d.*personality*)
 *(.data1)
 *(.got.plt)
 *(.got)
                0x0000000000002c00                . = ALIGN (0x2)
 *(.sdata .sdata.* .gnu.linkonce.s.* D_2 D_1)
                0x0000000000002c00                . = ALIGN (0x2)
                0x0000000000002c00                _edata = .
                [!provide]                        PROVIDE (edata = .)
                [!provide]                        PROVIDE (__dataend = .)
                [!provide]                        PROVIDE (__romdatastart = LOADADDR (.data))
                [!provide]                        PROVIDE (__romdatacopysize = SIZEOF (.data))

.bss            0x0000000000002c00      0x40c
                0x0000000000002c00                . = ALIGN (0x2)
                0x0000000000002c00                PROVIDE (__bssstart = .)
 *(.dynbss)
 *(.sbss .sbss.*)
 *(.bss .bss.* .gnu.linkonce.b.*)
 .bss           0x0000000000002c00      0x20a ./core.o
                0x0000000000002c00                interruptPcOld
                0x0000000000002c04                interruptWord
                0x0000000000002c06                counterBuffAlwDst
                0x0000000000002c08                counterAlwDst
                0x0000000000002c0a                alwDst
 .bss           0x0000000000002e0a      0x202 ./secureUpdate.o
                0x0000000000002e0a                rcvBuf
                0x000000000000300a                rcvBufCount
                0x000000000000300c                . = ALIGN (0x2)
 *(COMMON)
                [!provide]                        PROVIDE (__bssend = .)
                0x000000000000040c                PROVIDE (__bsssize = SIZEOF (.bss))

.noinit         0x000000000000300c        0x0
                0x000000000000300c                . = ALIGN (0x2)
                [!provide]                        PROVIDE (__noinit_start = .)
 *(.noinit)
                0x000000000000300c                . = ALIGN (0x2)
                [!provide]                        PROVIDE (__noinit_end = .)

.heap           0x000000000000300c        0x4
                0x000000000000300c                . = ALIGN (0x2)
                0x000000000000300c                __heap_start__ = .
                0x000000000000300c                _end = __heap_start__
                [!provide]                        PROVIDE (end = .)
 *(.heap)
                0x000000000000300c                _end = .
                [!provide]                        PROVIDE (end = .)
                0x000000000000300c        0x4 LONG 0x0
                0x0000000000003010                __heap_end__ = .
                0x0000000000003010                __HeapLimit = __heap_end__

.stack          0x00000000000043fc        0x0
                0x00000000000043fc                PROVIDE (__stack = .)
 *(.stack)

.lowtext        0x0000000000004400       0x1e
                0x0000000000004400                . = ALIGN (0x2)
 *(SORT_BY_NAME(.crt_*))
 .crt_0000start
                0x0000000000004400        0x4 c:/ti/ccs/ccs/tools/compiler/msp430-gcc-9.2.0.50_win64/bin/../lib/gcc/msp430-elf/9.2.0/../../../../msp430-elf/lib/large/crt0.o
                0x0000000000004400                __crt0_start
 .crt_0100init_bss
                0x0000000000004404       0x10 c:/ti/ccs/ccs/tools/compiler/msp430-gcc-9.2.0.50_win64/bin/../lib/gcc/msp430-elf/9.2.0/../../../../msp430-elf/lib/large\libcrt.a(crt_bss.o)
                0x0000000000004404                __crt0_init_bss
 .crt_0800call_main
                0x0000000000004414        0x6 c:/ti/ccs/ccs/tools/compiler/msp430-gcc-9.2.0.50_win64/bin/../lib/gcc/msp430-elf/9.2.0/../../../../msp430-elf/lib/large\libcrt.a(crt_main.o)
                0x0000000000004414                __crt0_call_main
 .crt_0900call_exit
                0x000000000000441a        0x4 c:/ti/ccs/ccs/tools/compiler/msp430-gcc-9.2.0.50_win64/bin/../lib/gcc/msp430-elf/9.2.0/../../../../msp430-elf/lib/large\libcrt.a(crt_callexit.o)
                0x000000000000441a                __crt0_call_exit
 *(.lowtext)

.lower.text     0x000000000000441e        0x0
                0x000000000000441e                . = ALIGN (0x2)
 *(.lower.text.* .lower.text)

.text           0x000000000000441e       0x12
                0x000000000000441e                . = ALIGN (0x2)
 *(.text .stub .text.* .gnu.linkonce.t.*)
 .text          0x000000000000441e        0xe ./main.o
                0x000000000000441e                main
 .text.exit     0x000000000000442c        0x4 c:/ti/ccs/ccs/tools/compiler/msp430-gcc-9.2.0.50_win64/bin/../lib/gcc/msp430-elf/9.2.0/../../../../msp430-elf/lib/large\libnosys.a(exit.o)
                0x000000000000442c                _exit
                0x000000000000442c                exit
 *(.text.*personality*)
 *(.gnu.warning)
 *(.interp .hash .dynsym .dynstr .gnu.version*)
                [!provide]                        PROVIDE (__etext = .)
                [!provide]                        PROVIDE (_etext = .)
                [!provide]                        PROVIDE (etext = .)
                0x0000000000004430                . = ALIGN (0x2)
 *(.init)
 *(.fini)
 *(.tm_clone_table)

.upper.text     0x0000000000004430        0x0
                0x0000000000004430                . = ALIGN (0x2)
 *(.upper.text.* .upper.text)

.infoA

.infoB

.infoC

.infoD

.upper          0x0000000000004430        0x0
 *(.upper.bss.* .upper.bss)
 *(.upper.data.* .upper.data)
                0x0000000000000001                ASSERT ((SIZEOF (.upper) == 0x0), This MCU does not support placing read/write data into high memory)

.MSP430.attributes
                0x0000000000000000       0x26
 *(.MSP430.attributes)
 .MSP430.attributes
                0x0000000000000000       0x26 c:/ti/ccs/ccs/tools/compiler/msp430-gcc-9.2.0.50_win64/bin/../lib/gcc/msp430-elf/9.2.0/../../../../msp430-elf/lib/large/crt0.o
 .MSP430.attributes
                0x0000000000000026       0x26 c:/ti/ccs/ccs/tools/compiler/msp430-gcc-9.2.0.50_win64/bin/../lib/gcc/msp430-elf/9.2.0/large/crtbegin_no_eh.o
 .MSP430.attributes
                0x000000000000004c       0x26 ./core.o
 .MSP430.attributes
                0x0000000000000072       0x26 ./main.o
 .MSP430.attributes
                0x0000000000000098       0x26 ./protected_isr.o
 .MSP430.attributes
                0x00000000000000be       0x26 ./raHelper.o
 .MSP430.attributes
                0x00000000000000e4       0x26 ./raHelperAsm.o
 .MSP430.attributes
                0x000000000000010a       0x26 ./secureUpdate.o
 .MSP430.attributes
                0x0000000000000130       0x26 ./virt_fun.o
 .MSP430.attributes
                0x0000000000000156       0x26 c:/ti/ccs/ccs/tools/compiler/msp430-gcc-9.2.0.50_win64/bin/../lib/gcc/msp430-elf/9.2.0/../../../../msp430-elf/lib/large\libcrt.a(crt_bss.o)
 .MSP430.attributes
                0x000000000000017c       0x26 c:/ti/ccs/ccs/tools/compiler/msp430-gcc-9.2.0.50_win64/bin/../lib/gcc/msp430-elf/9.2.0/../../../../msp430-elf/lib/large\libcrt.a(crt_main.o)
 .MSP430.attributes
                0x00000000000001a2       0x26 c:/ti/ccs/ccs/tools/compiler/msp430-gcc-9.2.0.50_win64/bin/../lib/gcc/msp430-elf/9.2.0/../../../../msp430-elf/lib/large\libcrt.a(crt_callexit.o)
 .MSP430.attributes
                0x00000000000001c8       0x26 c:/ti/ccs/ccs/tools/compiler/msp430-gcc-9.2.0.50_win64/bin/../lib/gcc/msp430-elf/9.2.0/../../../../msp430-elf/lib/large\libnosys.a(exit.o)
 .MSP430.attributes
                0x00000000000001ee       0x26 c:/ti/ccs/ccs/tools/compiler/msp430-gcc-9.2.0.50_win64/bin/../lib/gcc/msp430-elf/9.2.0/large/crtend_no_eh.o
 *(.gnu.attributes)
 *(__TI_build_attributes)

.stab
 *(.stab)

.stabstr
 *(.stabstr)

.stab.excl
 *(.stab.excl)

.stab.exclstr
 *(.stab.exclstr)

.stab.index
 *(.stab.index)

.stab.indexstr
 *(.stab.indexstr)

.comment        0x0000000000000000       0x39
 *(.comment)
 .comment       0x0000000000000000       0x39 ./core.o
                                         0x3a (size before relaxing)
 .comment       0x0000000000000039       0x3a ./main.o
 .comment       0x0000000000000039       0x3a ./raHelper.o
 .comment       0x0000000000000039       0x3a ./secureUpdate.o
 .comment       0x0000000000000039       0x3a c:/ti/ccs/ccs/tools/compiler/msp430-gcc-9.2.0.50_win64/bin/../lib/gcc/msp430-elf/9.2.0/../../../../msp430-elf/lib/large\libnosys.a(exit.o)

.debug
 *(.debug)

.line
 *(.line)

.debug_srcinfo
 *(.debug_srcinfo)

.debug_sfnames
 *(.debug_sfnames)

.debug_aranges  0x0000000000000000       0x20
 *(.debug_aranges)
 .debug_aranges
                0x0000000000000000       0x20 c:/ti/ccs/ccs/tools/compiler/msp430-gcc-9.2.0.50_win64/bin/../lib/gcc/msp430-elf/9.2.0/../../../../msp430-elf/lib/large\libnosys.a(exit.o)

.debug_pubnames
 *(.debug_pubnames)

.debug_info     0x0000000000000000       0x4f
 *(.debug_info .gnu.linkonce.wi.*)
 .debug_info    0x0000000000000000       0x4f c:/ti/ccs/ccs/tools/compiler/msp430-gcc-9.2.0.50_win64/bin/../lib/gcc/msp430-elf/9.2.0/../../../../msp430-elf/lib/large\libnosys.a(exit.o)

.debug_abbrev   0x0000000000000000       0x4f
 *(.debug_abbrev)
 .debug_abbrev  0x0000000000000000       0x4f c:/ti/ccs/ccs/tools/compiler/msp430-gcc-9.2.0.50_win64/bin/../lib/gcc/msp430-elf/9.2.0/../../../../msp430-elf/lib/large\libnosys.a(exit.o)

.debug_line     0x0000000000000000       0x81
 *(.debug_line .debug_line.* .debug_line_end)
 .debug_line    0x0000000000000000       0x4d c:/ti/ccs/ccs/tools/compiler/msp430-gcc-9.2.0.50_win64/bin/../lib/gcc/msp430-elf/9.2.0/../../../../msp430-elf/lib/large\libnosys.a(exit.o)
 .debug_line.text.exit
                0x000000000000004d       0x34 c:/ti/ccs/ccs/tools/compiler/msp430-gcc-9.2.0.50_win64/bin/../lib/gcc/msp430-elf/9.2.0/../../../../msp430-elf/lib/large\libnosys.a(exit.o)
 .debug_line_end
                0x0000000000000081        0x0 c:/ti/ccs/ccs/tools/compiler/msp430-gcc-9.2.0.50_win64/bin/../lib/gcc/msp430-elf/9.2.0/../../../../msp430-elf/lib/large\libnosys.a(exit.o)

.debug_frame    0x0000000000000000       0x24
 *(.debug_frame)
 .debug_frame   0x0000000000000000       0x24 c:/ti/ccs/ccs/tools/compiler/msp430-gcc-9.2.0.50_win64/bin/../lib/gcc/msp430-elf/9.2.0/../../../../msp430-elf/lib/large\libnosys.a(exit.o)

.debug_str      0x0000000000000000       0x94
 *(.debug_str)
 .debug_str     0x0000000000000000       0x94 c:/ti/ccs/ccs/tools/compiler/msp430-gcc-9.2.0.50_win64/bin/../lib/gcc/msp430-elf/9.2.0/../../../../msp430-elf/lib/large\libnosys.a(exit.o)

.debug_loc
 *(.debug_loc)

.debug_macinfo
 *(.debug_macinfo)

.debug_weaknames
 *(.debug_weaknames)

.debug_funcnames
 *(.debug_funcnames)

.debug_typenames
 *(.debug_typenames)

.debug_varnames
 *(.debug_varnames)

.debug_pubtypes
 *(.debug_pubtypes)

.debug_ranges   0x0000000000000000       0x10
 *(.debug_ranges)
 .debug_ranges  0x0000000000000000       0x10 c:/ti/ccs/ccs/tools/compiler/msp430-gcc-9.2.0.50_win64/bin/../lib/gcc/msp430-elf/9.2.0/../../../../msp430-elf/lib/large\libnosys.a(exit.o)

.debug_macro
 *(.debug_macro)

/DISCARD/
 *(.note.GNU-stack)
                [!provide]                        PROVIDE (ADC12CTL0 = 0x700)
                [!provide]                        PROVIDE (ADC12CTL0_L = 0x700)
                [!provide]                        PROVIDE (ADC12CTL0_H = 0x701)
                [!provide]                        PROVIDE (ADC12CTL1 = 0x702)
                [!provide]                        PROVIDE (ADC12CTL1_L = 0x702)
                [!provide]                        PROVIDE (ADC12CTL1_H = 0x703)
                [!provide]                        PROVIDE (ADC12CTL2 = 0x704)
                [!provide]                        PROVIDE (ADC12CTL2_L = 0x704)
                [!provide]                        PROVIDE (ADC12CTL2_H = 0x705)
                [!provide]                        PROVIDE (ADC12IFG = 0x70a)
                [!provide]                        PROVIDE (ADC12IFG_L = 0x70a)
                [!provide]                        PROVIDE (ADC12IFG_H = 0x70b)
                [!provide]                        PROVIDE (ADC12IE = 0x70c)
                [!provide]                        PROVIDE (ADC12IE_L = 0x70c)
                [!provide]                        PROVIDE (ADC12IE_H = 0x70d)
                [!provide]                        PROVIDE (ADC12IV = 0x70e)
                [!provide]                        PROVIDE (ADC12IV_L = 0x70e)
                [!provide]                        PROVIDE (ADC12IV_H = 0x70f)
                [!provide]                        PROVIDE (ADC12MEM0 = 0x720)
                [!provide]                        PROVIDE (ADC12MEM0_L = 0x720)
                [!provide]                        PROVIDE (ADC12MEM0_H = 0x721)
                [!provide]                        PROVIDE (ADC12MEM1 = 0x722)
                [!provide]                        PROVIDE (ADC12MEM1_L = 0x722)
                [!provide]                        PROVIDE (ADC12MEM1_H = 0x723)
                [!provide]                        PROVIDE (ADC12MEM2 = 0x724)
                [!provide]                        PROVIDE (ADC12MEM2_L = 0x724)
                [!provide]                        PROVIDE (ADC12MEM2_H = 0x725)
                [!provide]                        PROVIDE (ADC12MEM3 = 0x726)
                [!provide]                        PROVIDE (ADC12MEM3_L = 0x726)
                [!provide]                        PROVIDE (ADC12MEM3_H = 0x727)
                [!provide]                        PROVIDE (ADC12MEM4 = 0x728)
                [!provide]                        PROVIDE (ADC12MEM4_L = 0x728)
                [!provide]                        PROVIDE (ADC12MEM4_H = 0x729)
                [!provide]                        PROVIDE (ADC12MEM5 = 0x72a)
                [!provide]                        PROVIDE (ADC12MEM5_L = 0x72a)
                [!provide]                        PROVIDE (ADC12MEM5_H = 0x72b)
                [!provide]                        PROVIDE (ADC12MEM6 = 0x72c)
                [!provide]                        PROVIDE (ADC12MEM6_L = 0x72c)
                [!provide]                        PROVIDE (ADC12MEM6_H = 0x72d)
                [!provide]                        PROVIDE (ADC12MEM7 = 0x72e)
                [!provide]                        PROVIDE (ADC12MEM7_L = 0x72e)
                [!provide]                        PROVIDE (ADC12MEM7_H = 0x72f)
                [!provide]                        PROVIDE (ADC12MEM8 = 0x730)
                [!provide]                        PROVIDE (ADC12MEM8_L = 0x730)
                [!provide]                        PROVIDE (ADC12MEM8_H = 0x731)
                [!provide]                        PROVIDE (ADC12MEM9 = 0x732)
                [!provide]                        PROVIDE (ADC12MEM9_L = 0x732)
                [!provide]                        PROVIDE (ADC12MEM9_H = 0x733)
                [!provide]                        PROVIDE (ADC12MEM10 = 0x734)
                [!provide]                        PROVIDE (ADC12MEM10_L = 0x734)
                [!provide]                        PROVIDE (ADC12MEM10_H = 0x735)
                [!provide]                        PROVIDE (ADC12MEM11 = 0x736)
                [!provide]                        PROVIDE (ADC12MEM11_L = 0x736)
                [!provide]                        PROVIDE (ADC12MEM11_H = 0x737)
                [!provide]                        PROVIDE (ADC12MEM12 = 0x738)
                [!provide]                        PROVIDE (ADC12MEM12_L = 0x738)
                [!provide]                        PROVIDE (ADC12MEM12_H = 0x739)
                [!provide]                        PROVIDE (ADC12MEM13 = 0x73a)
                [!provide]                        PROVIDE (ADC12MEM13_L = 0x73a)
                [!provide]                        PROVIDE (ADC12MEM13_H = 0x73b)
                [!provide]                        PROVIDE (ADC12MEM14 = 0x73c)
                [!provide]                        PROVIDE (ADC12MEM14_L = 0x73c)
                [!provide]                        PROVIDE (ADC12MEM14_H = 0x73d)
                [!provide]                        PROVIDE (ADC12MEM15 = 0x73e)
                [!provide]                        PROVIDE (ADC12MEM15_L = 0x73e)
                [!provide]                        PROVIDE (ADC12MEM15_H = 0x73f)
                [!provide]                        PROVIDE (ADC12MCTL0 = 0x710)
                [!provide]                        PROVIDE (ADC12MCTL1 = 0x711)
                [!provide]                        PROVIDE (ADC12MCTL2 = 0x712)
                [!provide]                        PROVIDE (ADC12MCTL3 = 0x713)
                [!provide]                        PROVIDE (ADC12MCTL4 = 0x714)
                [!provide]                        PROVIDE (ADC12MCTL5 = 0x715)
                [!provide]                        PROVIDE (ADC12MCTL6 = 0x716)
                [!provide]                        PROVIDE (ADC12MCTL7 = 0x717)
                [!provide]                        PROVIDE (ADC12MCTL8 = 0x718)
                [!provide]                        PROVIDE (ADC12MCTL9 = 0x719)
                [!provide]                        PROVIDE (ADC12MCTL10 = 0x71a)
                [!provide]                        PROVIDE (ADC12MCTL11 = 0x71b)
                [!provide]                        PROVIDE (ADC12MCTL12 = 0x71c)
                [!provide]                        PROVIDE (ADC12MCTL13 = 0x71d)
                [!provide]                        PROVIDE (ADC12MCTL14 = 0x71e)
                [!provide]                        PROVIDE (ADC12MCTL15 = 0x71f)
                [!provide]                        PROVIDE (CBCTL0 = 0x8c0)
                [!provide]                        PROVIDE (CBCTL0_L = 0x8c0)
                [!provide]                        PROVIDE (CBCTL0_H = 0x8c1)
                [!provide]                        PROVIDE (CBCTL1 = 0x8c2)
                [!provide]                        PROVIDE (CBCTL1_L = 0x8c2)
                [!provide]                        PROVIDE (CBCTL1_H = 0x8c3)
                [!provide]                        PROVIDE (CBCTL2 = 0x8c4)
                [!provide]                        PROVIDE (CBCTL2_L = 0x8c4)
                [!provide]                        PROVIDE (CBCTL2_H = 0x8c5)
                [!provide]                        PROVIDE (CBCTL3 = 0x8c6)
                [!provide]                        PROVIDE (CBCTL3_L = 0x8c6)
                [!provide]                        PROVIDE (CBCTL3_H = 0x8c7)
                [!provide]                        PROVIDE (CBINT = 0x8cc)
                [!provide]                        PROVIDE (CBINT_L = 0x8cc)
                [!provide]                        PROVIDE (CBINT_H = 0x8cd)
                [!provide]                        PROVIDE (CBIV = 0x8ce)
                [!provide]                        PROVIDE (CRCDI = 0x150)
                [!provide]                        PROVIDE (CRCDI_L = 0x150)
                [!provide]                        PROVIDE (CRCDI_H = 0x151)
                [!provide]                        PROVIDE (CRCDIRB = 0x152)
                [!provide]                        PROVIDE (CRCDIRB_L = 0x152)
                [!provide]                        PROVIDE (CRCDIRB_H = 0x153)
                [!provide]                        PROVIDE (CRCINIRES = 0x154)
                [!provide]                        PROVIDE (CRCINIRES_L = 0x154)
                [!provide]                        PROVIDE (CRCINIRES_H = 0x155)
                [!provide]                        PROVIDE (CRCRESR = 0x156)
                [!provide]                        PROVIDE (CRCRESR_L = 0x156)
                [!provide]                        PROVIDE (CRCRESR_H = 0x157)
                [!provide]                        PROVIDE (DMACTL0 = 0x500)
                [!provide]                        PROVIDE (DMACTL1 = 0x502)
                [!provide]                        PROVIDE (DMACTL2 = 0x504)
                [!provide]                        PROVIDE (DMACTL3 = 0x506)
                [!provide]                        PROVIDE (DMACTL4 = 0x508)
                [!provide]                        PROVIDE (DMAIV = 0x50e)
                [!provide]                        PROVIDE (DMA0CTL = 0x510)
                [!provide]                        PROVIDE (DMA0SA = 0x512)
                [!provide]                        PROVIDE (DMA0SAL = 0x512)
                [!provide]                        PROVIDE (DMA0DA = 0x516)
                [!provide]                        PROVIDE (DMA0DAL = 0x516)
                [!provide]                        PROVIDE (DMA0SZ = 0x51a)
                [!provide]                        PROVIDE (DMA1CTL = 0x520)
                [!provide]                        PROVIDE (DMA1SA = 0x522)
                [!provide]                        PROVIDE (DMA1SAL = 0x522)
                [!provide]                        PROVIDE (DMA1DA = 0x526)
                [!provide]                        PROVIDE (DMA1DAL = 0x526)
                [!provide]                        PROVIDE (DMA1SZ = 0x52a)
                [!provide]                        PROVIDE (DMA2CTL = 0x530)
                [!provide]                        PROVIDE (DMA2SA = 0x532)
                [!provide]                        PROVIDE (DMA2SAL = 0x532)
                [!provide]                        PROVIDE (DMA2DA = 0x536)
                [!provide]                        PROVIDE (DMA2DAL = 0x536)
                [!provide]                        PROVIDE (DMA2SZ = 0x53a)
                0x0000000000000140                PROVIDE (FCTL1 = 0x140)
                [!provide]                        PROVIDE (FCTL1_L = 0x140)
                [!provide]                        PROVIDE (FCTL1_H = 0x141)
                0x0000000000000144                PROVIDE (FCTL3 = 0x144)
                [!provide]                        PROVIDE (FCTL3_L = 0x144)
                [!provide]                        PROVIDE (FCTL3_H = 0x145)
                [!provide]                        PROVIDE (FCTL4 = 0x146)
                [!provide]                        PROVIDE (FCTL4_L = 0x146)
                [!provide]                        PROVIDE (FCTL4_H = 0x147)
                [!provide]                        PROVIDE (MPY = 0x4c0)
                [!provide]                        PROVIDE (MPY_L = 0x4c0)
                [!provide]                        PROVIDE (MPY_H = 0x4c1)
                [!provide]                        PROVIDE (MPYS = 0x4c2)
                [!provide]                        PROVIDE (MPYS_L = 0x4c2)
                [!provide]                        PROVIDE (MPYS_H = 0x4c3)
                [!provide]                        PROVIDE (MAC = 0x4c4)
                [!provide]                        PROVIDE (MAC_L = 0x4c4)
                [!provide]                        PROVIDE (MAC_H = 0x4c5)
                [!provide]                        PROVIDE (MACS = 0x4c6)
                [!provide]                        PROVIDE (MACS_L = 0x4c6)
                [!provide]                        PROVIDE (MACS_H = 0x4c7)
                [!provide]                        PROVIDE (OP2 = 0x4c8)
                [!provide]                        PROVIDE (OP2_L = 0x4c8)
                [!provide]                        PROVIDE (OP2_H = 0x4c9)
                [!provide]                        PROVIDE (RESLO = 0x4ca)
                [!provide]                        PROVIDE (RESLO_L = 0x4ca)
                [!provide]                        PROVIDE (RESLO_H = 0x4cb)
                [!provide]                        PROVIDE (RESHI = 0x4cc)
                [!provide]                        PROVIDE (RESHI_L = 0x4cc)
                [!provide]                        PROVIDE (RESHI_H = 0x4cd)
                [!provide]                        PROVIDE (SUMEXT = 0x4ce)
                [!provide]                        PROVIDE (SUMEXT_L = 0x4ce)
                [!provide]                        PROVIDE (SUMEXT_H = 0x4cf)
                [!provide]                        PROVIDE (MPY32L = 0x4d0)
                [!provide]                        PROVIDE (MPY32L_L = 0x4d0)
                [!provide]                        PROVIDE (MPY32L_H = 0x4d1)
                [!provide]                        PROVIDE (MPY32H = 0x4d2)
                [!provide]                        PROVIDE (MPY32H_L = 0x4d2)
                [!provide]                        PROVIDE (MPY32H_H = 0x4d3)
                [!provide]                        PROVIDE (MPYS32L = 0x4d4)
                [!provide]                        PROVIDE (MPYS32L_L = 0x4d4)
                [!provide]                        PROVIDE (MPYS32L_H = 0x4d5)
                [!provide]                        PROVIDE (MPYS32H = 0x4d6)
                [!provide]                        PROVIDE (MPYS32H_L = 0x4d6)
                [!provide]                        PROVIDE (MPYS32H_H = 0x4d7)
                [!provide]                        PROVIDE (MAC32L = 0x4d8)
                [!provide]                        PROVIDE (MAC32L_L = 0x4d8)
                [!provide]                        PROVIDE (MAC32L_H = 0x4d9)
                [!provide]                        PROVIDE (MAC32H = 0x4da)
                [!provide]                        PROVIDE (MAC32H_L = 0x4da)
                [!provide]                        PROVIDE (MAC32H_H = 0x4db)
                [!provide]                        PROVIDE (MACS32L = 0x4dc)
                [!provide]                        PROVIDE (MACS32L_L = 0x4dc)
                [!provide]                        PROVIDE (MACS32L_H = 0x4dd)
                [!provide]                        PROVIDE (MACS32H = 0x4de)
                [!provide]                        PROVIDE (MACS32H_L = 0x4de)
                [!provide]                        PROVIDE (MACS32H_H = 0x4df)
                [!provide]                        PROVIDE (OP2L = 0x4e0)
                [!provide]                        PROVIDE (OP2L_L = 0x4e0)
                [!provide]                        PROVIDE (OP2L_H = 0x4e1)
                [!provide]                        PROVIDE (OP2H = 0x4e2)
                [!provide]                        PROVIDE (OP2H_L = 0x4e2)
                [!provide]                        PROVIDE (OP2H_H = 0x4e3)
                [!provide]                        PROVIDE (RES0 = 0x4e4)
                [!provide]                        PROVIDE (RES0_L = 0x4e4)
                [!provide]                        PROVIDE (RES0_H = 0x4e5)
                [!provide]                        PROVIDE (RES1 = 0x4e6)
                [!provide]                        PROVIDE (RES1_L = 0x4e6)
                [!provide]                        PROVIDE (RES1_H = 0x4e7)
                [!provide]                        PROVIDE (RES2 = 0x4e8)
                [!provide]                        PROVIDE (RES2_L = 0x4e8)
                [!provide]                        PROVIDE (RES2_H = 0x4e9)
                [!provide]                        PROVIDE (RES3 = 0x4ea)
                [!provide]                        PROVIDE (RES3_L = 0x4ea)
                [!provide]                        PROVIDE (RES3_H = 0x4eb)
                [!provide]                        PROVIDE (MPY32CTL0 = 0x4ec)
                [!provide]                        PROVIDE (MPY32CTL0_L = 0x4ec)
                [!provide]                        PROVIDE (MPY32CTL0_H = 0x4ed)
                [!provide]                        PROVIDE (PAIN = 0x200)
                [!provide]                        PROVIDE (PAIN_L = 0x200)
                [!provide]                        PROVIDE (PAIN_H = 0x201)
                [!provide]                        PROVIDE (PAOUT = 0x202)
                [!provide]                        PROVIDE (PAOUT_L = 0x202)
                [!provide]                        PROVIDE (PAOUT_H = 0x203)
                [!provide]                        PROVIDE (PADIR = 0x204)
                [!provide]                        PROVIDE (PADIR_L = 0x204)
                [!provide]                        PROVIDE (PADIR_H = 0x205)
                [!provide]                        PROVIDE (PAREN = 0x206)
                [!provide]                        PROVIDE (PAREN_L = 0x206)
                [!provide]                        PROVIDE (PAREN_H = 0x207)
                [!provide]                        PROVIDE (PADS = 0x208)
                [!provide]                        PROVIDE (PADS_L = 0x208)
                [!provide]                        PROVIDE (PADS_H = 0x209)
                [!provide]                        PROVIDE (PASEL = 0x20a)
                [!provide]                        PROVIDE (PASEL_L = 0x20a)
                [!provide]                        PROVIDE (PASEL_H = 0x20b)
                [!provide]                        PROVIDE (PAIES = 0x218)
                [!provide]                        PROVIDE (PAIES_L = 0x218)
                [!provide]                        PROVIDE (PAIES_H = 0x219)
                [!provide]                        PROVIDE (PAIE = 0x21a)
                [!provide]                        PROVIDE (PAIE_L = 0x21a)
                [!provide]                        PROVIDE (PAIE_H = 0x21b)
                [!provide]                        PROVIDE (PAIFG = 0x21c)
                [!provide]                        PROVIDE (PAIFG_L = 0x21c)
                [!provide]                        PROVIDE (PAIFG_H = 0x21d)
                [!provide]                        PROVIDE (P1IV = 0x20e)
                [!provide]                        PROVIDE (P2IV = 0x21e)
                [!provide]                        PROVIDE (PBIN = 0x220)
                [!provide]                        PROVIDE (PBIN_L = 0x220)
                [!provide]                        PROVIDE (PBIN_H = 0x221)
                [!provide]                        PROVIDE (PBOUT = 0x222)
                [!provide]                        PROVIDE (PBOUT_L = 0x222)
                [!provide]                        PROVIDE (PBOUT_H = 0x223)
                [!provide]                        PROVIDE (PBDIR = 0x224)
                [!provide]                        PROVIDE (PBDIR_L = 0x224)
                [!provide]                        PROVIDE (PBDIR_H = 0x225)
                [!provide]                        PROVIDE (PBREN = 0x226)
                [!provide]                        PROVIDE (PBREN_L = 0x226)
                [!provide]                        PROVIDE (PBREN_H = 0x227)
                [!provide]                        PROVIDE (PBDS = 0x228)
                [!provide]                        PROVIDE (PBDS_L = 0x228)
                [!provide]                        PROVIDE (PBDS_H = 0x229)
                [!provide]                        PROVIDE (PBSEL = 0x22a)
                [!provide]                        PROVIDE (PBSEL_L = 0x22a)
                0x000000000000022b                PROVIDE (PBSEL_H = 0x22b)
                [!provide]                        PROVIDE (PCIN = 0x240)
                [!provide]                        PROVIDE (PCIN_L = 0x240)
                [!provide]                        PROVIDE (PCIN_H = 0x241)
                [!provide]                        PROVIDE (PCOUT = 0x242)
                [!provide]                        PROVIDE (PCOUT_L = 0x242)
                [!provide]                        PROVIDE (PCOUT_H = 0x243)
                [!provide]                        PROVIDE (PCDIR = 0x244)
                [!provide]                        PROVIDE (PCDIR_L = 0x244)
                [!provide]                        PROVIDE (PCDIR_H = 0x245)
                [!provide]                        PROVIDE (PCREN = 0x246)
                [!provide]                        PROVIDE (PCREN_L = 0x246)
                [!provide]                        PROVIDE (PCREN_H = 0x247)
                [!provide]                        PROVIDE (PCDS = 0x248)
                [!provide]                        PROVIDE (PCDS_L = 0x248)
                [!provide]                        PROVIDE (PCDS_H = 0x249)
                [!provide]                        PROVIDE (PCSEL = 0x24a)
                [!provide]                        PROVIDE (PCSEL_L = 0x24a)
                [!provide]                        PROVIDE (PCSEL_H = 0x24b)
                [!provide]                        PROVIDE (PDIN = 0x260)
                [!provide]                        PROVIDE (PDIN_L = 0x260)
                [!provide]                        PROVIDE (PDIN_H = 0x261)
                [!provide]                        PROVIDE (PDOUT = 0x262)
                [!provide]                        PROVIDE (PDOUT_L = 0x262)
                [!provide]                        PROVIDE (PDOUT_H = 0x263)
                [!provide]                        PROVIDE (PDDIR = 0x264)
                [!provide]                        PROVIDE (PDDIR_L = 0x264)
                [!provide]                        PROVIDE (PDDIR_H = 0x265)
                [!provide]                        PROVIDE (PDREN = 0x266)
                [!provide]                        PROVIDE (PDREN_L = 0x266)
                [!provide]                        PROVIDE (PDREN_H = 0x267)
                [!provide]                        PROVIDE (PDDS = 0x268)
                [!provide]                        PROVIDE (PDDS_L = 0x268)
                [!provide]                        PROVIDE (PDDS_H = 0x269)
                [!provide]                        PROVIDE (PDSEL = 0x26a)
                [!provide]                        PROVIDE (PDSEL_L = 0x26a)
                [!provide]                        PROVIDE (PDSEL_H = 0x26b)
                [!provide]                        PROVIDE (PJIN = 0x320)
                [!provide]                        PROVIDE (PJIN_L = 0x320)
                [!provide]                        PROVIDE (PJIN_H = 0x321)
                [!provide]                        PROVIDE (PJOUT = 0x322)
                [!provide]                        PROVIDE (PJOUT_L = 0x322)
                [!provide]                        PROVIDE (PJOUT_H = 0x323)
                [!provide]                        PROVIDE (PJDIR = 0x324)
                [!provide]                        PROVIDE (PJDIR_L = 0x324)
                [!provide]                        PROVIDE (PJDIR_H = 0x325)
                [!provide]                        PROVIDE (PJREN = 0x326)
                [!provide]                        PROVIDE (PJREN_L = 0x326)
                [!provide]                        PROVIDE (PJREN_H = 0x327)
                [!provide]                        PROVIDE (PJDS = 0x328)
                [!provide]                        PROVIDE (PJDS_L = 0x328)
                [!provide]                        PROVIDE (PJDS_H = 0x329)
                [!provide]                        PROVIDE (PMAPKEYID = 0x1c0)
                [!provide]                        PROVIDE (PMAPKEYID_L = 0x1c0)
                [!provide]                        PROVIDE (PMAPKEYID_H = 0x1c1)
                [!provide]                        PROVIDE (PMAPCTL = 0x1c2)
                [!provide]                        PROVIDE (PMAPCTL_L = 0x1c2)
                [!provide]                        PROVIDE (PMAPCTL_H = 0x1c3)
                [!provide]                        PROVIDE (P4MAP01 = 0x1e0)
                [!provide]                        PROVIDE (P4MAP01_L = 0x1e0)
                [!provide]                        PROVIDE (P4MAP01_H = 0x1e1)
                [!provide]                        PROVIDE (P4MAP23 = 0x1e2)
                [!provide]                        PROVIDE (P4MAP23_L = 0x1e2)
                [!provide]                        PROVIDE (P4MAP23_H = 0x1e3)
                [!provide]                        PROVIDE (P4MAP45 = 0x1e4)
                [!provide]                        PROVIDE (P4MAP45_L = 0x1e4)
                [!provide]                        PROVIDE (P4MAP45_H = 0x1e5)
                [!provide]                        PROVIDE (P4MAP67 = 0x1e6)
                [!provide]                        PROVIDE (P4MAP67_L = 0x1e6)
                [!provide]                        PROVIDE (P4MAP67_H = 0x1e7)
                [!provide]                        PROVIDE (PMMCTL0 = 0x120)
                [!provide]                        PROVIDE (PMMCTL0_L = 0x120)
                [!provide]                        PROVIDE (PMMCTL0_H = 0x121)
                [!provide]                        PROVIDE (PMMCTL1 = 0x122)
                [!provide]                        PROVIDE (PMMCTL1_L = 0x122)
                [!provide]                        PROVIDE (PMMCTL1_H = 0x123)
                [!provide]                        PROVIDE (SVSMHCTL = 0x124)
                [!provide]                        PROVIDE (SVSMHCTL_L = 0x124)
                [!provide]                        PROVIDE (SVSMHCTL_H = 0x125)
                [!provide]                        PROVIDE (SVSMLCTL = 0x126)
                [!provide]                        PROVIDE (SVSMLCTL_L = 0x126)
                [!provide]                        PROVIDE (SVSMLCTL_H = 0x127)
                [!provide]                        PROVIDE (SVSMIO = 0x128)
                [!provide]                        PROVIDE (SVSMIO_L = 0x128)
                [!provide]                        PROVIDE (SVSMIO_H = 0x129)
                [!provide]                        PROVIDE (PMMIFG = 0x12c)
                [!provide]                        PROVIDE (PMMIFG_L = 0x12c)
                [!provide]                        PROVIDE (PMMIFG_H = 0x12d)
                [!provide]                        PROVIDE (PMMRIE = 0x12e)
                [!provide]                        PROVIDE (PMMRIE_L = 0x12e)
                [!provide]                        PROVIDE (PMMRIE_H = 0x12f)
                [!provide]                        PROVIDE (PM5CTL0 = 0x130)
                [!provide]                        PROVIDE (PM5CTL0_L = 0x130)
                [!provide]                        PROVIDE (PM5CTL0_H = 0x131)
                [!provide]                        PROVIDE (RCCTL0 = 0x158)
                [!provide]                        PROVIDE (RCCTL0_L = 0x158)
                [!provide]                        PROVIDE (RCCTL0_H = 0x159)
                [!provide]                        PROVIDE (REFCTL0 = 0x1b0)
                [!provide]                        PROVIDE (REFCTL0_L = 0x1b0)
                [!provide]                        PROVIDE (REFCTL0_H = 0x1b1)
                [!provide]                        PROVIDE (RTCCTL01 = 0x4a0)
                [!provide]                        PROVIDE (RTCCTL01_L = 0x4a0)
                [!provide]                        PROVIDE (RTCCTL01_H = 0x4a1)
                [!provide]                        PROVIDE (RTCCTL23 = 0x4a2)
                [!provide]                        PROVIDE (RTCCTL23_L = 0x4a2)
                [!provide]                        PROVIDE (RTCCTL23_H = 0x4a3)
                [!provide]                        PROVIDE (RTCPS0CTL = 0x4a8)
                [!provide]                        PROVIDE (RTCPS0CTL_L = 0x4a8)
                [!provide]                        PROVIDE (RTCPS0CTL_H = 0x4a9)
                [!provide]                        PROVIDE (RTCPS1CTL = 0x4aa)
                [!provide]                        PROVIDE (RTCPS1CTL_L = 0x4aa)
                [!provide]                        PROVIDE (RTCPS1CTL_H = 0x4ab)
                [!provide]                        PROVIDE (RTCPS = 0x4ac)
                [!provide]                        PROVIDE (RTCPS_L = 0x4ac)
                [!provide]                        PROVIDE (RTCPS_H = 0x4ad)
                [!provide]                        PROVIDE (RTCIV = 0x4ae)
                [!provide]                        PROVIDE (RTCTIM0 = 0x4b0)
                [!provide]                        PROVIDE (RTCTIM0_L = 0x4b0)
                [!provide]                        PROVIDE (RTCTIM0_H = 0x4b1)
                [!provide]                        PROVIDE (RTCTIM1 = 0x4b2)
                [!provide]                        PROVIDE (RTCTIM1_L = 0x4b2)
                [!provide]                        PROVIDE (RTCTIM1_H = 0x4b3)
                [!provide]                        PROVIDE (RTCDATE = 0x4b4)
                [!provide]                        PROVIDE (RTCDATE_L = 0x4b4)
                [!provide]                        PROVIDE (RTCDATE_H = 0x4b5)
                [!provide]                        PROVIDE (RTCYEAR = 0x4b6)
                [!provide]                        PROVIDE (RTCYEAR_L = 0x4b6)
                [!provide]                        PROVIDE (RTCYEAR_H = 0x4b7)
                [!provide]                        PROVIDE (RTCAMINHR = 0x4b8)
                [!provide]                        PROVIDE (RTCAMINHR_L = 0x4b8)
                [!provide]                        PROVIDE (RTCAMINHR_H = 0x4b9)
                [!provide]                        PROVIDE (RTCADOWDAY = 0x4ba)
                [!provide]                        PROVIDE (RTCADOWDAY_L = 0x4ba)
                [!provide]                        PROVIDE (RTCADOWDAY_H = 0x4bb)
                [!provide]                        PROVIDE (SFRIE1 = 0x100)
                [!provide]                        PROVIDE (SFRIE1_L = 0x100)
                [!provide]                        PROVIDE (SFRIE1_H = 0x101)
                [!provide]                        PROVIDE (SFRIFG1 = 0x102)
                [!provide]                        PROVIDE (SFRIFG1_L = 0x102)
                [!provide]                        PROVIDE (SFRIFG1_H = 0x103)
                [!provide]                        PROVIDE (SFRRPCR = 0x104)
                [!provide]                        PROVIDE (SFRRPCR_L = 0x104)
                [!provide]                        PROVIDE (SFRRPCR_H = 0x105)
                [!provide]                        PROVIDE (SYSCTL = 0x180)
                [!provide]                        PROVIDE (SYSCTL_L = 0x180)
                [!provide]                        PROVIDE (SYSCTL_H = 0x181)
                [!provide]                        PROVIDE (SYSBSLC = 0x182)
                [!provide]                        PROVIDE (SYSBSLC_L = 0x182)
                [!provide]                        PROVIDE (SYSBSLC_H = 0x183)
                [!provide]                        PROVIDE (SYSJMBC = 0x186)
                [!provide]                        PROVIDE (SYSJMBC_L = 0x186)
                [!provide]                        PROVIDE (SYSJMBC_H = 0x187)
                [!provide]                        PROVIDE (SYSJMBI0 = 0x188)
                [!provide]                        PROVIDE (SYSJMBI0_L = 0x188)
                [!provide]                        PROVIDE (SYSJMBI0_H = 0x189)
                [!provide]                        PROVIDE (SYSJMBI1 = 0x18a)
                [!provide]                        PROVIDE (SYSJMBI1_L = 0x18a)
                [!provide]                        PROVIDE (SYSJMBI1_H = 0x18b)
                [!provide]                        PROVIDE (SYSJMBO0 = 0x18c)
                [!provide]                        PROVIDE (SYSJMBO0_L = 0x18c)
                [!provide]                        PROVIDE (SYSJMBO0_H = 0x18d)
                [!provide]                        PROVIDE (SYSJMBO1 = 0x18e)
                [!provide]                        PROVIDE (SYSJMBO1_L = 0x18e)
                [!provide]                        PROVIDE (SYSJMBO1_H = 0x18f)
                [!provide]                        PROVIDE (SYSBERRIV = 0x198)
                [!provide]                        PROVIDE (SYSBERRIV_L = 0x198)
                [!provide]                        PROVIDE (SYSBERRIV_H = 0x199)
                [!provide]                        PROVIDE (SYSUNIV = 0x19a)
                [!provide]                        PROVIDE (SYSUNIV_L = 0x19a)
                [!provide]                        PROVIDE (SYSUNIV_H = 0x19b)
                [!provide]                        PROVIDE (SYSSNIV = 0x19c)
                [!provide]                        PROVIDE (SYSSNIV_L = 0x19c)
                [!provide]                        PROVIDE (SYSSNIV_H = 0x19d)
                [!provide]                        PROVIDE (SYSRSTIV = 0x19e)
                [!provide]                        PROVIDE (SYSRSTIV_L = 0x19e)
                [!provide]                        PROVIDE (SYSRSTIV_H = 0x19f)
                [!provide]                        PROVIDE (TA0CTL = 0x340)
                [!provide]                        PROVIDE (TA0CCTL0 = 0x342)
                [!provide]                        PROVIDE (TA0CCTL1 = 0x344)
                [!provide]                        PROVIDE (TA0CCTL2 = 0x346)
                [!provide]                        PROVIDE (TA0CCTL3 = 0x348)
                [!provide]                        PROVIDE (TA0CCTL4 = 0x34a)
                [!provide]                        PROVIDE (TA0R = 0x350)
                [!provide]                        PROVIDE (TA0CCR0 = 0x352)
                [!provide]                        PROVIDE (TA0CCR1 = 0x354)
                [!provide]                        PROVIDE (TA0CCR2 = 0x356)
                [!provide]                        PROVIDE (TA0CCR3 = 0x358)
                [!provide]                        PROVIDE (TA0CCR4 = 0x35a)
                [!provide]                        PROVIDE (TA0IV = 0x36e)
                [!provide]                        PROVIDE (TA0EX0 = 0x360)
                [!provide]                        PROVIDE (TA1CTL = 0x380)
                [!provide]                        PROVIDE (TA1CCTL0 = 0x382)
                [!provide]                        PROVIDE (TA1CCTL1 = 0x384)
                [!provide]                        PROVIDE (TA1CCTL2 = 0x386)
                [!provide]                        PROVIDE (TA1R = 0x390)
                [!provide]                        PROVIDE (TA1CCR0 = 0x392)
                [!provide]                        PROVIDE (TA1CCR1 = 0x394)
                [!provide]                        PROVIDE (TA1CCR2 = 0x396)
                [!provide]                        PROVIDE (TA1IV = 0x3ae)
                [!provide]                        PROVIDE (TA1EX0 = 0x3a0)
                [!provide]                        PROVIDE (TA2CTL = 0x400)
                [!provide]                        PROVIDE (TA2CCTL0 = 0x402)
                [!provide]                        PROVIDE (TA2CCTL1 = 0x404)
                [!provide]                        PROVIDE (TA2CCTL2 = 0x406)
                [!provide]                        PROVIDE (TA2R = 0x410)
                [!provide]                        PROVIDE (TA2CCR0 = 0x412)
                [!provide]                        PROVIDE (TA2CCR1 = 0x414)
                [!provide]                        PROVIDE (TA2CCR2 = 0x416)
                [!provide]                        PROVIDE (TA2IV = 0x42e)
                [!provide]                        PROVIDE (TA2EX0 = 0x420)
                [!provide]                        PROVIDE (TB0CTL = 0x3c0)
                [!provide]                        PROVIDE (TB0CCTL0 = 0x3c2)
                [!provide]                        PROVIDE (TB0CCTL1 = 0x3c4)
                [!provide]                        PROVIDE (TB0CCTL2 = 0x3c6)
                [!provide]                        PROVIDE (TB0CCTL3 = 0x3c8)
                [!provide]                        PROVIDE (TB0CCTL4 = 0x3ca)
                [!provide]                        PROVIDE (TB0CCTL5 = 0x3cc)
                [!provide]                        PROVIDE (TB0CCTL6 = 0x3ce)
                [!provide]                        PROVIDE (TB0R = 0x3d0)
                [!provide]                        PROVIDE (TB0CCR0 = 0x3d2)
                [!provide]                        PROVIDE (TB0CCR1 = 0x3d4)
                [!provide]                        PROVIDE (TB0CCR2 = 0x3d6)
                [!provide]                        PROVIDE (TB0CCR3 = 0x3d8)
                [!provide]                        PROVIDE (TB0CCR4 = 0x3da)
                [!provide]                        PROVIDE (TB0CCR5 = 0x3dc)
                [!provide]                        PROVIDE (TB0CCR6 = 0x3de)
                [!provide]                        PROVIDE (TB0EX0 = 0x3e0)
                [!provide]                        PROVIDE (TB0IV = 0x3ee)
                [!provide]                        PROVIDE (USBKEYID = 0x900)
                [!provide]                        PROVIDE (USBKEYID_L = 0x900)
                [!provide]                        PROVIDE (USBKEYID_H = 0x901)
                [!provide]                        PROVIDE (USBCNF = 0x902)
                [!provide]                        PROVIDE (USBCNF_L = 0x902)
                [!provide]                        PROVIDE (USBCNF_H = 0x903)
                [!provide]                        PROVIDE (USBPHYCTL = 0x904)
                [!provide]                        PROVIDE (USBPHYCTL_L = 0x904)
                [!provide]                        PROVIDE (USBPHYCTL_H = 0x905)
                [!provide]                        PROVIDE (USBPWRCTL = 0x908)
                [!provide]                        PROVIDE (USBPWRCTL_L = 0x908)
                [!provide]                        PROVIDE (USBPWRCTL_H = 0x909)
                [!provide]                        PROVIDE (USBPLLCTL = 0x910)
                [!provide]                        PROVIDE (USBPLLCTL_L = 0x910)
                [!provide]                        PROVIDE (USBPLLCTL_H = 0x911)
                [!provide]                        PROVIDE (USBPLLDIVB = 0x912)
                [!provide]                        PROVIDE (USBPLLDIVB_L = 0x912)
                [!provide]                        PROVIDE (USBPLLDIVB_H = 0x913)
                [!provide]                        PROVIDE (USBPLLIR = 0x914)
                [!provide]                        PROVIDE (USBPLLIR_L = 0x914)
                [!provide]                        PROVIDE (USBPLLIR_H = 0x915)
                [!provide]                        PROVIDE (USBIEPCNF_0 = 0x920)
                [!provide]                        PROVIDE (USBIEPCNT_0 = 0x921)
                [!provide]                        PROVIDE (USBOEPCNF_0 = 0x922)
                [!provide]                        PROVIDE (USBOEPCNT_0 = 0x923)
                [!provide]                        PROVIDE (USBIEPIE = 0x92e)
                [!provide]                        PROVIDE (USBOEPIE = 0x92f)
                [!provide]                        PROVIDE (USBIEPIFG = 0x930)
                [!provide]                        PROVIDE (USBOEPIFG = 0x931)
                [!provide]                        PROVIDE (USBVECINT = 0x932)
                [!provide]                        PROVIDE (USBVECINT_L = 0x932)
                [!provide]                        PROVIDE (USBVECINT_H = 0x933)
                [!provide]                        PROVIDE (USBMAINT = 0x936)
                [!provide]                        PROVIDE (USBMAINT_L = 0x936)
                [!provide]                        PROVIDE (USBMAINT_H = 0x937)
                [!provide]                        PROVIDE (USBTSREG = 0x938)
                [!provide]                        PROVIDE (USBTSREG_L = 0x938)
                [!provide]                        PROVIDE (USBTSREG_H = 0x939)
                [!provide]                        PROVIDE (USBFN = 0x93a)
                [!provide]                        PROVIDE (USBFN_L = 0x93a)
                [!provide]                        PROVIDE (USBFN_H = 0x93b)
                [!provide]                        PROVIDE (USBCTL = 0x93c)
                [!provide]                        PROVIDE (USBIE = 0x93d)
                [!provide]                        PROVIDE (USBIFG = 0x93e)
                [!provide]                        PROVIDE (USBFUNADR = 0x93f)